Component: ARM Compiler 5.06 update 7 (build 960) Tool: armlink [4d3601]

==============================================================================

Section Cross References

    main.o(i.Split) refers to strtok.o(.text) for strtok
    main.o(i.Split) refers to atoi.o(.text) for atoi
    main.o(i.Split) refers to main.o(.data) for .data
    main.o(i.assert_nrf_callback) refers to app_error_handler_keil.o(.emb_text) for app_error_handler
    main.o(i.ble_evt_handler) refers to app_error.o(i.app_error_handler_bare) for app_error_handler_bare
    main.o(i.ble_evt_handler) refers to printf8.o(i.__0printf$8) for __2printf
    main.o(i.ble_evt_handler) refers to nrf_ble_qwr.o(i.nrf_ble_qwr_conn_handle_assign) for nrf_ble_qwr_conn_handle_assign
    main.o(i.ble_evt_handler) refers to main.o(.data) for .data
    main.o(i.ble_evt_handler) refers to main.o(.bss) for .bss
    main.o(i.bsp_event_handler) refers to main.o(i.sleep_mode_enter) for sleep_mode_enter
    main.o(i.bsp_event_handler) refers to app_error.o(i.app_error_handler_bare) for app_error_handler_bare
    main.o(i.bsp_event_handler) refers to ble_advertising.o(i.ble_advertising_restart_without_whitelist) for ble_advertising_restart_without_whitelist
    main.o(i.bsp_event_handler) refers to main.o(.data) for .data
    main.o(i.bsp_event_handler) refers to main.o(.bss) for .bss
    main.o(i.conn_params_error_handler) refers to app_error.o(i.app_error_handler_bare) for app_error_handler_bare
    main.o(i.gap_params_init) refers to printf8.o(i.__0sprintf$8) for __2sprintf
    main.o(i.gap_params_init) refers to strlen.o(.text) for strlen
    main.o(i.gap_params_init) refers to app_error.o(i.app_error_handler_bare) for app_error_handler_bare
    main.o(i.gatt_evt_handler) refers to nrf_log_frontend.o(i.nrf_log_frontend_std_2) for nrf_log_frontend_std_2
    main.o(i.gatt_evt_handler) refers to main.o(.data) for .data
    main.o(i.gatt_evt_handler) refers to nrf_log_frontend.o(log_const_data) for m_nrf_log_app_logs_data_const
    main.o(i.gatt_init) refers to nrf_ble_gatt.o(i.nrf_ble_gatt_init) for nrf_ble_gatt_init
    main.o(i.gatt_init) refers to app_error.o(i.app_error_handler_bare) for app_error_handler_bare
    main.o(i.gatt_init) refers to nrf_ble_gatt.o(i.nrf_ble_gatt_att_mtu_periph_set) for nrf_ble_gatt_att_mtu_periph_set
    main.o(i.gatt_init) refers to main.o(i.gatt_evt_handler) for gatt_evt_handler
    main.o(i.gatt_init) refers to main.o(.bss) for .bss
    main.o(i.gpio_init) refers to main.o(i.nrf_gpio_cfg_output) for nrf_gpio_cfg_output
    main.o(i.gpio_init) refers to main.o(i.nrf_gpio_pin_set) for nrf_gpio_pin_set
    main.o(i.gpio_init) refers to main.o(i.nrf_gpio_pin_clear) for nrf_gpio_pin_clear
    main.o(i.gpio_init) refers to nrfx_gpiote.o(i.nrfx_gpiote_is_init) for nrfx_gpiote_is_init
    main.o(i.gpio_init) refers to nrfx_gpiote.o(i.nrfx_gpiote_init) for nrfx_gpiote_init
    main.o(i.gpio_init) refers to app_error.o(i.app_error_handler_bare) for app_error_handler_bare
    main.o(i.gpio_init) refers to nrfx_gpiote.o(i.nrfx_gpiote_in_init) for nrfx_gpiote_in_init
    main.o(i.gpio_init) refers to nrfx_gpiote.o(i.nrfx_gpiote_in_event_enable) for nrfx_gpiote_in_event_enable
    main.o(i.gpio_init) refers to main.o(.constdata) for .constdata
    main.o(i.gpio_init) refers to main.o(i.in_pin_handler) for in_pin_handler
    main.o(i.in_pin_handler) refers to main.o(.data) for .data
    main.o(i.main) refers to memcpya.o(.text) for __aeabi_memcpy4
    main.o(i.main) refers to app_uart_fifo.o(i.app_uart_init) for app_uart_init
    main.o(i.main) refers to app_error.o(i.app_error_handler_bare) for app_error_handler_bare
    main.o(i.main) refers to nrf_log_frontend.o(i.nrf_log_init) for nrf_log_init
    main.o(i.main) refers to nrf_log_default_backends.o(i.nrf_log_default_backends_init) for nrf_log_default_backends_init
    main.o(i.main) refers to app_timer2.o(i.app_timer_init) for app_timer_init
    main.o(i.main) refers to nrfx_timer.o(i.nrfx_timer_extended_compare) for nrfx_timer_extended_compare
    main.o(i.main) refers to bsp.o(i.bsp_init) for bsp_init
    main.o(i.main) refers to bsp_btn_ble.o(i.bsp_btn_ble_init) for bsp_btn_ble_init
    main.o(i.main) refers to main.o(i.gpio_init) for gpio_init
    main.o(i.main) refers to main.o(i.nrf_gpio_pin_clear) for nrf_gpio_pin_clear
    main.o(i.main) refers to nrf_pwr_mgmt.o(i.nrf_pwr_mgmt_init) for nrf_pwr_mgmt_init
    main.o(i.main) refers to nrf_sdh.o(i.nrf_sdh_enable_request) for nrf_sdh_enable_request
    main.o(i.main) refers to nrf_sdh_ble.o(i.nrf_sdh_ble_default_cfg_set) for nrf_sdh_ble_default_cfg_set
    main.o(i.main) refers to nrf_sdh_ble.o(i.nrf_sdh_ble_enable) for nrf_sdh_ble_enable
    main.o(i.main) refers to main.o(i.gap_params_init) for gap_params_init
    main.o(i.main) refers to main.o(i.gatt_init) for gatt_init
    main.o(i.main) refers to nrf_ble_qwr.o(i.nrf_ble_qwr_init) for nrf_ble_qwr_init
    main.o(i.main) refers to ble_nus.o(i.ble_nus_init) for ble_nus_init
[...]
    nrf_fprintf                              0x0002ac09   Thumb Code    26  nrf_fprintf.o(i.nrf_fprintf)
    nrf_fprintf_buffer_flush                 0x0002ac23   Thumb Code    24  nrf_fprintf.o(i.nrf_fprintf_buffer_flush)
    nrf_fprintf_fmt                          0x0002ac3b   Thumb Code   474  nrf_fprintf_format.o(i.nrf_fprintf_fmt)
    nrf_log_backend_add                      0x0002b019   Thumb Code    86  nrf_log_frontend.o(i.nrf_log_backend_add)
    nrf_log_backend_rtt_init                 0x0002b077   Thumb Code     4  nrf_log_backend_rtt.o(i.nrf_log_backend_rtt_init)
    nrf_log_backend_serial_put               0x0002b095   Thumb Code   194  nrf_log_backend_serial.o(i.nrf_log_backend_serial_put)
    nrf_log_color_id_get                     0x0002b159   Thumb Code    42  nrf_log_frontend.o(i.nrf_log_color_id_get)
    nrf_log_default_backends_init            0x0002b189   Thumb Code    24  nrf_log_default_backends.o(i.nrf_log_default_backends_init)
    nrf_log_frontend_dequeue                 0x0002b1a5   Thumb Code   524  nrf_log_frontend.o(i.nrf_log_frontend_dequeue)
    nrf_log_frontend_std_0                   0x0002b3d5   Thumb Code     8  nrf_log_frontend.o(i.nrf_log_frontend_std_0)
    nrf_log_frontend_std_1                   0x0002b3dd   Thumb Code    14  nrf_log_frontend.o(i.nrf_log_frontend_std_1)
    nrf_log_frontend_std_2                   0x0002b3eb   Thumb Code    16  nrf_log_frontend.o(i.nrf_log_frontend_std_2)
    nrf_log_hexdump_entry_process            0x0002b3fd   Thumb Code   150  nrf_log_str_formatter.o(i.nrf_log_hexdump_entry_process)
    nrf_log_init                             0x0002b4ad   Thumb Code    46  nrf_log_frontend.o(i.nrf_log_init)
    nrf_log_module_cnt_get                   0x0002b4e9   Thumb Code    10  nrf_log_frontend.o(i.nrf_log_module_cnt_get)
    nrf_log_module_name_get                  0x0002b4fd   Thumb Code    24  nrf_log_frontend.o(i.nrf_log_module_name_get)
    nrf_log_panic                            0x0002b519   Thumb Code    38  nrf_log_frontend.o(i.nrf_log_panic)
    nrf_log_std_entry_process                0x0002b545   Thumb Code   182  nrf_log_str_formatter.o(i.nrf_log_std_entry_process)
    nrf_memobj_alloc                         0x0002b5fb   Thumb Code    96  nrf_memobj.o(i.nrf_memobj_alloc)
    nrf_memobj_free                          0x0002b65b   Thumb Code    50  nrf_memobj.o(i.nrf_memobj_free)
    nrf_memobj_get                           0x0002b68d   Thumb Code     8  nrf_memobj.o(i.nrf_memobj_get)
    nrf_memobj_pool_init                     0x0002b695   Thumb Code     4  nrf_memobj.o(i.nrf_memobj_pool_init)
    nrf_memobj_put                           0x0002b699   Thumb Code    30  nrf_memobj.o(i.nrf_memobj_put)
    nrf_memobj_read                          0x0002b6b7   Thumb Code    16  nrf_memobj.o(i.nrf_memobj_read)
    nrf_memobj_write                         0x0002b6c7   Thumb Code    16  nrf_memobj.o(i.nrf_memobj_write)
    nrf_pwr_mgmt_init                        0x0002b6d9   Thumb Code    28  nrf_pwr_mgmt.o(i.nrf_pwr_mgmt_init)
    nrf_ringbuf_init                         0x0002b705   Thumb Code    28  nrf_ringbuf.o(i.nrf_ringbuf_init)
    nrf_sdh_ble_app_ram_start_get            0x0002b775   Thumb Code    16  nrf_sdh_ble.o(i.nrf_sdh_ble_app_ram_start_get)
    nrf_sdh_ble_default_cfg_set              0x0002b789   Thumb Code   272  nrf_sdh_ble.o(i.nrf_sdh_ble_default_cfg_set)
    nrf_sdh_ble_enable                       0x0002b8b9   Thumb Code   116  nrf_sdh_ble.o(i.nrf_sdh_ble_enable)
    nrf_sdh_enable_request                   0x0002ba49   Thumb Code   102  nrf_sdh.o(i.nrf_sdh_enable_request)
    nrf_sdh_evts_poll                        0x0002babd   Thumb Code    32  nrf_sdh.o(i.nrf_sdh_evts_poll)
    nrf_sdh_is_enabled                       0x0002bae1   Thumb Code     6  nrf_sdh.o(i.nrf_sdh_is_enabled)
    nrf_section_iter_init                    0x0002bb29   Thumb Code    10  nrf_section_iter.o(i.nrf_section_iter_init)
    nrf_section_iter_next                    0x0002bb57   Thumb Code    32  nrf_section_iter.o(i.nrf_section_iter_next)
    nrf_sortlist_add                         0x0002bb77   Thumb Code    34  nrf_sortlist.o(i.nrf_sortlist_add)
    nrf_sortlist_peek                        0x0002bb99   Thumb Code     6  nrf_sortlist.o(i.nrf_sortlist_peek)
    nrf_sortlist_pop                         0x0002bb9f   Thumb Code    14  nrf_sortlist.o(i.nrf_sortlist_pop)
    nrf_sortlist_remove                      0x0002bbad   Thumb Code    30  nrf_sortlist.o(i.nrf_sortlist_remove)
    nrf_strerror_find                        0x0002bbcd   Thumb Code    52  nrf_strerror.o(i.nrf_strerror_find)
    nrf_strerror_get                         0x0002bc05   Thumb Code    14  nrf_strerror.o(i.nrf_strerror_get)
    nrfx_clock_enable                        0x0002bc75   Thumb Code    34  nrfx_clock.o(i.nrfx_clock_enable)
    nrfx_clock_init                          0x0002bca1   Thumb Code    26  nrfx_clock.o(i.nrfx_clock_init)
    nrfx_clock_lfclk_stop                    0x0002bcc1   Thumb Code    20  nrfx_clock.o(i.nrfx_clock_lfclk_stop)
    nrfx_gpiote_in_event_enable              0x0002bd0d   Thumb Code   156  nrfx_gpiote.o(i.nrfx_gpiote_in_event_enable)
    nrfx_gpiote_in_init                      0x0002bdb1   Thumb Code   194  nrfx_gpiote.o(i.nrfx_gpiote_in_init)
    nrfx_gpiote_in_is_set                    0x0002be81   Thumb Code    20  nrfx_gpiote.o(i.nrfx_gpiote_in_is_set)
    nrfx_gpiote_init                         0x0002be95   Thumb Code    94  nrfx_gpiote.o(i.nrfx_gpiote_init)
    nrfx_gpiote_is_init                      0x0002bf01   Thumb Code    14  nrfx_gpiote.o(i.nrfx_gpiote_is_init)
    nrfx_ppi_channel_alloc                   0x0002bf25   Thumb Code   100  nrfx_ppi.o(i.nrfx_ppi_channel_alloc)
    nrfx_ppi_channel_assign                  0x0002bf91   Thumb Code    62  nrfx_ppi.o(i.nrfx_ppi_channel_assign)
    nrfx_ppi_channel_enable                  0x0002bfd5   Thumb Code    48  nrfx_ppi.o(i.nrfx_ppi_channel_enable)
    nrfx_prs_acquire                         0x0002c009   Thumb Code    58  nrfx_prs.o(i.nrfx_prs_acquire)
    nrfx_saadc_buffer_convert                0x0002c045   Thumb Code   154  nrfx_saadc.o(i.nrfx_saadc_buffer_convert)
    nrfx_saadc_channel_init                  0x0002c0e9   Thumb Code   160  nrfx_saadc.o(i.nrfx_saadc_channel_init)
    nrfx_saadc_init                          0x0002c195   Thumb Code   130  nrfx_saadc.o(i.nrfx_saadc_init)
    nrfx_saadc_sample_task_get               0x0002c229   Thumb Code    20  nrfx_saadc.o(i.nrfx_saadc_sample_task_get)
    nrfx_spi_init                            0x0002c245   Thumb Code   404  nrfx_spi.o(i.nrfx_spi_init)
    nrfx_spi_xfer                            0x0002c3e1   Thumb Code    96  nrfx_spi.o(i.nrfx_spi_xfer)
    nrfx_timer_compare                       0x0002c445   Thumb Code    58  nrfx_timer.o(i.nrfx_timer_compare)
    nrfx_timer_enable                        0x0002c481   Thumb Code    24  nrfx_timer.o(i.nrfx_timer_enable)
    nrfx_timer_extended_compare              0x0002c49d   Thumb Code    42  nrfx_timer.o(i.nrfx_timer_extended_compare)
    nrfx_timer_init                          0x0002c4c9   Thumb Code   184  nrfx_timer.o(i.nrfx_timer_init)
    nrfx_twi_disable                         0x0002c585   Thumb Code    46  nrfx_twi.o(i.nrfx_twi_disable)
    nrfx_twi_enable                          0x0002c5bd   Thumb Code    28  nrfx_twi.o(i.nrfx_twi_enable)
    nrfx_twi_init                            0x0002c5dd   Thumb Code   214  nrfx_twi.o(i.nrfx_twi_init)
    nrfx_twi_rx                              0x0002c6bd   Thumb Code    44  nrfx_twi.o(i.nrfx_twi_rx)
    nrfx_twi_tx                              0x0002c6ed   Thumb Code    54  nrfx_twi.o(i.nrfx_twi_tx)
    nrfx_twi_xfer                            0x0002c725   Thumb Code    28  nrfx_twi.o(i.nrfx_twi_xfer)
    nrfx_uart_0_irq_handler                  0x0002c745   Thumb Code     8  nrfx_uart.o(i.nrfx_uart_0_irq_handler)
    nrfx_uart_init                           0x0002c755   Thumb Code   196  nrfx_uart.o(i.nrfx_uart_init)
    nrfx_uart_rx                             0x0002c825   Thumb Code   230  nrfx_uart.o(i.nrfx_uart_rx)
    nrfx_uart_tx                             0x0002c911   Thumb Code   162  nrfx_uart.o(i.nrfx_uart_tx)
    nrfx_uart_tx_in_progress                 0x0002c9b9   Thumb Code    26  nrfx_uart.o(i.nrfx_uart_tx_in_progress)
    nrfx_uarte_0_irq_handler                 0x0002c9d9   Thumb Code     8  nrfx_uarte.o(i.nrfx_uarte_0_irq_handler)
    nrfx_uarte_init                          0x0002c9e9   Thumb Code   100  nrfx_uarte.o(i.nrfx_uarte_init)
    nrfx_uarte_rx                            0x0002ca55   Thumb Code   256  nrfx_uarte.o(i.nrfx_uarte_rx)
    nrfx_uarte_tx                            0x0002cb59   Thumb Code   166  nrfx_uarte.o(i.nrfx_uarte_tx)
    nrfx_uarte_tx_in_progress                0x0002cc05   Thumb Code    22  nrfx_uarte.o(i.nrfx_uarte_tx_in_progress)
    saadc_callback                           0x0002d2f1   Thumb Code   164  main.o(i.saadc_callback)
    saadc_init                               0x0002d3b9   Thumb Code    74  main.o(i.saadc_init)
    saadc_sampling_event_enable              0x0002d411   Thumb Code    24  main.o(i.saadc_sampling_event_enable)
    saadc_sampling_event_init                0x0002d42d   Thumb Code   136  main.o(i.saadc_sampling_event_init)
    sendChannelData                          0x0002d571   Thumb Code   202  main.o(i.sendChannelData)
    spi_event_handler                        0x0002d805   Thumb Code     2  ads1299.o(i.spi_event_handler)
    startRunning                             0x0002d8c1   Thumb Code    22  main.o(i.startRunning)
    stopRunning                              0x0002d999   Thumb Code    22  main.o(i.stopRunning)
    timer_handler                            0x0002da0d   Thumb Code     2  main.o(i.timer_handler)
    uart_event_handle                        0x0002e0c1   Thumb Code   110  main.o(i.uart_event_handle)
    PWM_TIMER                                0x0002e728   Data           8  main.o(.constdata)
    nrf_log_backend_rtt_api                  0x0002e9f8   Data          12  nrf_log_backend_rtt.o(.constdata)
    m_ram_start                              0x0002ea9c   Data           4  nrf_sdh_ble.o(.constdata)
    __ctype_table                            0x0002eac8   Data         129  ctype_o.o(.constdata)
    Region$$Table$$Base                      0x0002f2dc   Number         0  anon$$obj.o(Region$$Table)
    Region$$Table$$Limit                     0x0002f2fc   Number         0  anon$$obj.o(Region$$Table)
    log_const_data$$Base                     0x0002f30c   Number         0  nrf_ble_gatt.o(log_const_data)
    m_nrf_log_nrf_ble_gatt_logs_data_const   0x0002f30c   Data           8  nrf_ble_gatt.o(log_const_data)
    m_nrf_log_ble_nus_logs_data_const        0x0002f314   Data           8  ble_nus.o(log_const_data)
    m_nrf_log_clock_logs_data_const          0x0002f31c   Data           8  nrf_drv_clock.o(log_const_data)
    m_nrf_log_CLOCK_logs_data_const          0x0002f324   Data           8  nrfx_clock.o(log_const_data)
    m_nrf_log_GPIOTE_logs_data_const         0x0002f32c   Data           8  nrfx_gpiote.o(log_const_data)
    m_nrf_log_PRS_logs_data_const            0x0002f334   Data           8  nrfx_prs.o(log_const_data)
    m_nrf_log_UART_logs_data_const           0x0002f33c   Data           8  nrfx_uart.o(log_const_data)
    m_nrf_log_UARTE_logs_data_const          0x0002f344   Data           8  nrfx_uarte.o(log_const_data)
    m_nrf_log_SPI_logs_data_const            0x0002f34c   Data           8  nrfx_spi.o(log_const_data)
    m_nrf_log_TWI_logs_data_const            0x0002f354   Data           8  nrfx_twi.o(log_const_data)
    m_nrf_log_TIMER_logs_data_const          0x0002f35c   Data           8  nrfx_timer.o(log_const_data)
    m_nrf_log_SAADC_logs_data_const          0x0002f364   Data           8  nrfx_saadc.o(log_const_data)
    m_nrf_log_PPI_logs_data_const            0x0002f36c   Data           8  nrfx_ppi.o(log_const_data)
    m_nrf_log_app_button_logs_data_const     0x0002f374   Data           8  app_button.o(log_const_data)
    m_nrf_log_app_timer_logs_data_const      0x0002f37c   Data           8  app_timer2.o(log_const_data)
    m_nrf_log_pwr_mgmt_logs_data_const       0x0002f384   Data           8  nrf_pwr_mgmt.o(log_const_data)
    m_nrf_log_sortlist_logs_data_const       0x0002f38c   Data           8  nrf_sortlist.o(log_const_data)
    m_nrf_log_app_logs_data_const            0x0002f394   Data           8  nrf_log_frontend.o(log_const_data)
    m_nrf_log_nrf_sdh_logs_data_const        0x0002f39c   Data           8  nrf_sdh.o(log_const_data)
    m_nrf_log_nrf_sdh_ble_logs_data_const    0x0002f3a4   Data           8  nrf_sdh_ble.o(log_const_data)
    m_nrf_log_nrf_sdh_soc_logs_data_const    0x0002f3ac   Data           8  nrf_sdh_soc.o(log_const_data)
    log_const_data$$Limit                    0x0002f3b4   Number         0  nrf_sdh_soc.o(log_const_data)
    log_mempool                              0x0002f3b4   Data          20  nrf_log_frontend.o(nrf_balloc)
    sdh_ble_observers0$$Base                 0x0002f3c8   Number         0  ble_conn_state.o(sdh_ble_observers0)
    sdh_ble_observers0$$Limit                0x0002f3d0   Number         0  ble_conn_state.o(sdh_ble_observers0)
    sdh_ble_observers1$$Base                 0x0002f3d0   Number         0  main.o(sdh_ble_observers1)
    sdh_ble_observers1$$Limit                0x0002f3f0   Number         0  ble_conn_params.o(sdh_ble_observers1)
    sdh_ble_observers2$$Base                 0x0002f3f0   Number         0  main.o(sdh_ble_observers2)
    sdh_ble_observers2$$Limit                0x0002f400   Number         0  main.o(sdh_ble_observers2)
    sdh_ble_observers3$$Base                 0x0002f400   Number         0  main.o(sdh_ble_observers3)
    sdh_ble_observers3$$Limit                0x0002f408   Number         0  main.o(sdh_ble_observers3)
    sdh_soc_observers0$$Base                 0x0002f408   Number         0  nrf_drv_clock.o(sdh_soc_observers0)
    sdh_soc_observers0$$Limit                0x0002f410   Number         0  nrf_drv_clock.o(sdh_soc_observers0)
    sdh_stack_observers0$$Base               0x0002f410   Number         0  nrf_sdh_ble.o(sdh_stack_observers0)
    sdh_stack_observers0$$Limit              0x0002f420   Number         0  nrf_sdh_soc.o(sdh_stack_observers0)
    sdh_state_observers0$$Base               0x0002f420   Number         0  nrf_drv_clock.o(sdh_state_observers0)
    sdh_state_observers0$$Limit              0x0002f428   Number         0  nrf_drv_clock.o(sdh_state_observers0)
    Image$$RW_IRAM1$$Base                    0x20002be0   Number         0  anon$$obj.o ABSOLUTE
    is_running                               0x20002be8   Data           1  main.o(.data)
    sampleCounter                            0x20002be9   Data           1  main.o(.data)
    ppgunsigned16                            0x20002bf8   Data           2  main.o(.data)
    ecgsigned16                              0x20002bfa   Data           2  main.o(.data)
    ax                                       0x20002bfc   Data           2  main.o(.data)
    ay                                       0x20002bfe   Data           2  main.o(.data)
    az                                       0x20002c00   Data           2  main.o(.data)
    running_mod                              0x20002c08   Data           4  main.o(.data)
    outputType                               0x20002c0c   Data           4  main.o(.data)
    receiveData                              0x20002c18   Data           8  main.o(.data)
    verbosity                                0x20002c52   Data           1  ads1299.o(.data)
    isRunning                                0x20002c53   Data           1  ads1299.o(.data)
    stat                                     0x20002c54   Data           4  ads1299.o(.data)
    defaultChannelSettings                   0x20002c58   Data           4  ads1299.o(.data)
    nrf_drv_uart_use_easy_dma                0x20002c7c   Data           1  nrf_drv_uart.o(.data)
    __stdout                                 0x20002d24   Data           4  retarget.o(.data)
    SystemCoreClock                          0x20002d88   Data           4  system_nrf52.o(.data)
    regData                                  0x200036c4   Data          24  ads1299.o(.bss)
    channelData                              0x200036dc   Data          36  ads1299.o(.bss)
    bit24ChannelData                         0x20003700   Data          24  ads1299.o(.bss)
    channelSettings                          0x20003718   Data          48  ads1299.o(.bss)
    leadOffSettings                          0x20003748   Data          16  ads1299.o(.bss)
    mpu6050                                  0x20003788   Data          15  mpu6050.o(.bss)
    nrf_nvic_state                           0x20003b08   Data          12  app_util_platform.o(.bss)
    _SEGGER_RTT                              0x200040dc   Data         120  segger_rtt.o(.bss)
    __initial_sp                             0x20006368   Data           0  arm_startup_nrf52.o(STACK)



==============================================================================

Memory Map of the image

  Image Entry point : 0x00026201

  Load Region LR_IROM1 (Base: 0x00026000, Size: 0x000095dc, Max: 0x0005a000, ABSOLUTE, COMPRESSED[0x00009488])

    Execution Region ER_IROM1 (Exec base: 0x00026000, Load base: 0x00026000, Size: 0x00009428, Max: 0x0005a000, ABSOLUTE)

    Exec Addr    Load Addr    Size         Type   Attr      Idx    E Section Name        Object

    0x00026000   0x00026000   0x00000200   Data   RO         8477    RESET               arm_startup_nrf52.o
    0x00026200   0x00026200   0x00000000   Code   RO         8518  * .ARM.Collect$$$$00000000  mc_w.l(entry.o)
    0x00026200   0x00026200   0x00000004   Code   RO         8836    .ARM.Collect$$$$00000001  mc_w.l(entry2.o)
    0x00026204   0x00026204   0x00000004   Code   RO         8839    .ARM.Collect$$$$00000004  mc_w.l(entry5.o)
    0x00026208   0x00026208   0x00000000   Code   RO         8841    .ARM.Collect$$$$00000008  mc_w.l(entry7b.o)
    0x00026208   0x00026208   0x00000000   Code   RO         8843    .ARM.Collect$$$$0000000A  mc_w.l(entry8b.o)
    0x00026208   0x00026208   0x00000008   Code   RO         8844    .ARM.Collect$$$$0000000B  mc_w.l(entry9a.o)
    0x00026210   0x00026210   0x00000004   Code   RO         8851    .ARM.Collect$$$$0000000E  mc_w.l(entry12b.o)
    0x00026214   0x00026214   0x00000000   Code   RO         8846    .ARM.Collect$$$$0000000F  mc_w.l(entry10a.o)
    0x00026214   0x00026214   0x00000000   Code   RO         8848    .ARM.Collect$$$$00000011  mc_w.l(entry11a.o)
    0x00026214   0x00026214   0x00000004   Code   RO         8837    .ARM.Collect$$$$00002712  mc_w.l(entry2.o)
    0x00026218   0x00026218   0x000000c8   Code   RO         6869    .emb_text           nrf_atfifo.o
    0x000262e0   0x000262e0   0x000000e2   Code   RO         7005    .emb_text           nrf_atomic.o
    0x000263c2   0x000263c2   0x00000002   PAD
    0x000263c4   0x000263c4   0x00000024   Code   RO         8478    .text               arm_startup_nrf52.o
    0x000263e8   0x000263e8   0x00000062   Code   RO         8521    .text               mc_w.l(uldiv.o)
    0x0002644a   0x0002644a   0x0000001e   Code   RO         8523    .text               mc_w.l(llshl.o)
    0x00026468   0x00026468   0x00000020   Code   RO         8525    .text               mc_w.l(llushr.o)
    0x00026488   0x00026488   0x00000008   Code   RO         8527    .text               mc_w.l(ctype_o.o)
    0x00026490   0x00026490   0x00000024   Code   RO         8555    .text               mc_w.l(memcpya.o)
    0x000264b4   0x000264b4   0x00000024   Code   RO         8557    .text               mc_w.l(memseta.o)
    0x000264d8   0x000264d8   0x0000000e   Code   RO         8559    .text               mc_w.l(strlen.o)
    0x000264e6   0x000264e6   0x00000012   Code   RO         8563    .text               mc_w.l(strcpy.o)
    0x000264f8   0x000264f8   0x00000044   Code   RO         8565    .text               mc_w.l(strtok.o)
    0x0002653c   0x0002653c   0x0000001a   Code   RO         8834    .text               mc_w.l(atoi.o)
    0x00026556   0x00026556   0x00000070   Code   RO         8861    .text               mc_w.l(strtol.o)
    0x000265c6   0x000265c6   0x00000002   PAD
    0x000265c8   0x000265c8   0x00000024   Code   RO         8874    .text               mc_w.l(init.o)
    0x000265ec   0x000265ec   0x0000009e   Code   RO         8878    .text               mc_w.l(_strtoul.o)
    0x0002668a   0x0002668a   0x0000001c   Code   RO         8882    .text               mc_w.l(_chval.o)
    0x000266a6   0x000266a6   0x00000056   Code   RO         8892    .text               mc_w.l(__dczerorl2.o)
    0x000266fc   0x000266fc   0x0000002c   Code   RO          788    i.ADS1299_RDATAC    ads1299.o
    0x00026728   0x00026728   0x000000a0   Code   RO          789    i.ADS1299_RREG      ads1299.o
    0x000267c8   0x000267c8   0x0000002c   Code   RO          791    i.ADS1299_SDATAC    ads1299.o
    0x000267f4   0x000267f4   0x00000024   Code   RO          792    i.ADS1299_START     ads1299.o
    0x00026818   0x00026818   0x00000024   Code   RO          793    i.ADS1299_STOP      ads1299.o
    0x0002683c   0x0002683c   0x0000006c   Code   RO          794    i.ADS1299_WREG      ads1299.o
    0x000268a8   0x000268a8   0x00000038   Code   RO          801    i.ADS1299_getDeviceID  ads1299.o
    0x000268e0   0x000268e0   0x00000184   Code   RO          802    i.ADS1299_initialize  ads1299.o
    0x00026a64   0x00026a64   0x0000007c   Code   RO          809    i.ADS1299_spi_init  ads1299.o
    0x00026ae0   0x00026ae0   0x00000024   Code   RO          810    i.ADS1299_startADS  ads1299.o
    0x00026b04   0x00026b04   0x00000024   Code   RO          811    i.ADS1299_stopADS   ads1299.o
    0x00026b28   0x00026b28   0x000000d8   Code   RO          812    i.ADS1299_updateChannelData  ads1299.o
    0x00026c00   0x00026c00   0x00000164   Code   RO         4504    i.GPIOTE_IRQHandler  nrfx_gpiote.o
    0x00026d64   0x00026d64   0x00000018   Code   RO          604    i.I2Cdev_enable     i2cdev.o
    0x00026d7c   0x00026d7c   0x00000028   Code   RO          605    i.I2Cdev_initialize  i2cdev.o
    0x00026da4   0x00026da4   0x00000034   Code   RO          607    i.I2Cdev_readBits   i2cdev.o
    0x00026dd8   0x00026dd8   0x00000008   Code   RO          608    i.I2Cdev_readByte   i2cdev.o
    0x00026de0   0x00026de0   0x00000038   Code   RO          609    i.I2Cdev_readBytes  i2cdev.o
    0x00026e18   0x00026e18   0x00000032   Code   RO          610    i.I2Cdev_writeBit   i2cdev.o
    0x00026e4a   0x00026e4a   0x00000044   Code   RO          611    i.I2Cdev_writeBits  i2cdev.o
    0x00026e8e   0x00026e8e   0x00000002   PAD
    0x00026e90   0x00026e90   0x00000028   Code   RO          612    i.I2Cdev_writeByte  i2cdev.o
    0x00026eb8   0x00026eb8   0x0000000c   Code   RO         1343    i.MPU6050           mpu6050.o
    0x00026ec4   0x00026ec4   0x00000034   Code   RO         1348    i.MPU6050_getAcceleration  mpu6050.o
    0x00026ef8   0x00026ef8   0x0000001c   Code   RO         1367    i.MPU6050_getDeviceID  mpu6050.o
    0x00026f14   0x00026f14   0x0000001e   Code   RO         1486    i.MPU6050_initialize  mpu6050.o
    0x00026f32   0x00026f32   0x00000002   PAD
    0x00026f34   0x00026f34   0x00000018   Code   RO         1504    i.MPU6050_setClockSource  mpu6050.o
    0x00026f4c   0x00026f4c   0x00000018   Code   RO         1520    i.MPU6050_setFullScaleAccelRange  mpu6050.o
    0x00026f64   0x00026f64   0x00000018   Code   RO         1521    i.MPU6050_setFullScaleGyroRange  mpu6050.o
    0x00026f7c   0x00026f7c   0x00000014   Code   RO         1567    i.MPU6050_setSleepEnabled  mpu6050.o
    0x00026f90   0x00026f90   0x00000012   Code   RO         1597    i.MPU6050_testConnection  mpu6050.o
    0x00026fa2   0x00026fa2   0x00000002   PAD
    0x00026fa4   0x00026fa4   0x00000058   Code   RO         4366    i.POWER_CLOCK_IRQHandler  nrfx_clock.o
    0x00026ffc   0x00026ffc   0x00000010   Code   RO         6661    i.RTC1_IRQHandler   drv_rtc.o
    0x0002700c   0x0002700c   0x00000148   Code   RO         5696    i.SAADC_IRQHandler  nrfx_saadc.o
    0x00027154   0x00027154   0x00000004   Code   RO         8017    i.SEGGER_RTT_Init   segger_rtt.o
    0x00027158   0x00027158   0x0000005c   Code   RO         8031    i.SEGGER_RTT_WriteNoLock  segger_rtt.o
    0x000271b4   0x000271b4   0x00000044   Code   RO         5209    i.SPIM0_SPIS0_TWIM0_TWIS0_SPI0_TWI0_IRQHandler  nrfx_spi.o
    0x000271f8   0x000271f8   0x00000010   Code   RO         5389    i.SPIM1_SPIS1_TWIM1_TWIS1_SPI1_TWI1_IRQHandler  nrfx_twi.o
    0x00027208   0x00027208   0x00000004   Code   RO         8268    i.SWI2_EGU2_IRQHandler  nrf_sdh.o
    0x0002720c   0x0002720c   0x00000030   Code   RO            4    i.Split             main.o
    0x0002723c   0x0002723c   0x0000031c   Code   RO         8486    i.SystemInit        system_nrf52.o
    0x00027558   0x00027558   0x00000050   Code   RO         5567    i.TIMER1_IRQHandler  nrfx_timer.o
    0x000275a8   0x000275a8   0x0000000c   Code   RO         4773    i.UARTE0_UART0_IRQHandler  nrfx_prs.o
    0x000275b4   0x000275b4   0x00000068   Code   RO         8035    i._DoInit           segger_rtt.o
    0x0002761c   0x0002761c   0x00000016   Code   RO         8036    i._GetAvailWriteSpace  segger_rtt.o
    0x00027632   0x00027632   0x0000005a   Code   RO         8038    i._WriteBlocking    segger_rtt.o
    0x0002768c   0x0002768c   0x00000042   Code   RO         8039    i._WriteNoCheck     segger_rtt.o
    0x000276ce   0x000276ce   0x00000002   PAD
    0x000276d0   0x000276d0   0x00000020   Code   RO         8780    i.__0printf$8       mc_w.l(printf8.o)
    0x000276f0   0x000276f0   0x00000028   Code   RO         8782    i.__0sprintf$8      mc_w.l(printf8.o)
    0x00027718   0x00027718   0x00000008   Code   RO         8854    i.__aeabi_errno_addr  mc_w.l(errno.o)
    0x00027720   0x00027720   0x0000000e   Code   RO         8886    i.__scatterload_copy  mc_w.l(handlers.o)
    0x0002772e   0x0002772e   0x00000002   Code   RO         8887    i.__scatterload_null  mc_w.l(handlers.o)
    0x00027730   0x00027730   0x0000000e   Code   RO         8888    i.__scatterload_zeroinit  mc_w.l(handlers.o)
    0x0002773e   0x0002773e   0x00000002   PAD
    0x00027740   0x00027740   0x00000024   Code   RO         8269    i.__sd_nvic_app_accessible_irq  nrf_sdh.o
    0x00027764   0x00027764   0x00000404   Code   RO         8787    i._printf_core      mc_w.l(printf8.o)
    0x00027b68   0x00027b68   0x00000024   Code   RO         8788    i._printf_post_padding  mc_w.l(printf8.o)
    0x00027b8c   0x00027b8c   0x0000002e   Code   RO         8789    i._printf_pre_padding  mc_w.l(printf8.o)
    0x00027bba   0x00027bba   0x0000000a   Code   RO         8791    i._sputc            mc_w.l(printf8.o)
    0x00027bc4   0x00027bc4   0x00000010   Code   RO         3376    i.adv_set_data_size_max_get  ble_advertising.o
    0x00027bd4   0x00027bd4   0x00000036   Code   RO         3133    i.advertising_buttons_configure  bsp_btn_ble.o
    0x00027c0a   0x00027c0a   0x00000006   Code   RO         3007    i.alert_timer_handler  bsp.o
    0x00027c10   0x00027c10   0x00000024   Code   RO         6037    i.app_button_enable  app_button.o
    0x00027c34   0x00027c34   0x00000080   Code   RO         6038    i.app_button_init   app_button.o
    0x00027cb4   0x00027cb4   0x00000084   Code   RO         6191    i.app_error_fault_handler  app_error_weak.o
    0x00027d38   0x00027d38   0x00000016   Code   RO         6135    i.app_error_handler_bare  app_error.o
    0x00027d4e   0x00027d4e   0x00000016   Code   RO         6245    i.app_fifo_get      app_fifo.o
    0x00027d64   0x00027d64   0x00000020   Code   RO         6246    i.app_fifo_init     app_fifo.o
    0x00027d84   0x00027d84   0x0000001a   Code   RO         6248    i.app_fifo_put      app_fifo.o
    0x00027d9e   0x00027d9e   0x00000002   PAD
    0x00027da0   0x00027da0   0x0000000c   Code   RO         6369    i.app_timer_cnt_get  app_timer2.o
    0x00027dac   0x00027dac   0x00000016   Code   RO         6370    i.app_timer_create  app_timer2.o
    0x00027dc2   0x00027dc2   0x00000002   PAD
    0x00027dc4   0x00027dc4   0x0000005c   Code   RO         6371    i.app_timer_init    app_timer2.o
    0x00027e20   0x00027e20   0x00000030   Code   RO         6374    i.app_timer_start   app_timer2.o
    0x00027e50   0x00027e50   0x0000000c   Code   RO         6375    i.app_timer_stop    app_timer2.o
    0x00027e5c   0x00027e5c   0x00000034   Code   RO         6509    i.app_uart_get      app_uart_fifo.o
    0x00027e90   0x00027e90   0x000000a4   Code   RO         6510    i.app_uart_init     app_uart_fifo.o
    0x00027f34   0x00027f34   0x00000054   Code   RO         6511    i.app_uart_put      app_uart_fifo.o
    0x00027f88   0x00027f88   0x00000048   Code   RO         6593    i.app_util_critical_region_enter  app_util_platform.o
    0x00027fd0   0x00027fd0   0x00000034   Code   RO         6594    i.app_util_critical_region_exit  app_util_platform.o
    0x00028004   0x00028004   0x00000088   Code   RO         4827    i.apply_config      nrfx_uart.o
    0x0002808c   0x0002808c   0x00000088   Code   RO         5015    i.apply_config      nrfx_uarte.o
    0x00028114   0x00028114   0x0000000c   Code   RO         5845    i.are_app_channels  nrfx_ppi.o
    0x00028120   0x00028120   0x0000000c   Code   RO          816    i.bitRead           ads1299.o
    0x0002812c   0x0002812c   0x00000048   Code   RO         3730    i.blcm_link_ctx_get  ble_link_ctx_manager.o
    0x00028174   0x00028174   0x00000182   Code   RO         3267    i.ble_advdata_encode  ble_advdata.o
    0x000282f6   0x000282f6   0x00000020   Code   RO         3269    i.ble_advdata_parse  ble_advdata.o
    0x00028316   0x00028316   0x00000040   Code   RO         3270    i.ble_advdata_search  ble_advdata.o
    0x00028356   0x00028356   0x00000006   Code   RO         3378    i.ble_advertising_conn_cfg_tag_set  ble_advertising.o
    0x0002835c   0x0002835c   0x000000f8   Code   RO         3379    i.ble_advertising_init  ble_advertising.o
    0x00028454   0x00028454   0x0000006a   Code   RO         3381    i.ble_advertising_on_ble_evt  ble_advertising.o
    0x000284be   0x000284be   0x0000003a   Code   RO         3383    i.ble_advertising_restart_without_whitelist  ble_advertising.o
    0x000284f8   0x000284f8   0x00000230   Code   RO         3384    i.ble_advertising_start  ble_advertising.o
    0x00028728   0x00028728   0x00000068   Code   RO         3478    i.ble_conn_params_init  ble_conn_params.o
    0x00028790   0x00028790   0x00000012   Code   RO         3562    i.ble_conn_state_conn_idx  ble_conn_state.o
    0x000287a2   0x000287a2   0x00000002   PAD
    0x000287a4   0x000287a4   0x00000014   Code   RO         3576    i.ble_conn_state_valid  ble_conn_state.o
    0x000287b8   0x000287b8   0x00000060   Code   RO         3273    i.ble_device_addr_encode  ble_advdata.o
    0x00028818   0x00028818   0x000000b0   Code   RO            6    i.ble_evt_handler   main.o
    0x000288c8   0x000288c8   0x00000070   Code   RO         3134    i.ble_evt_handler   bsp_btn_ble.o
    0x00028938   0x00028938   0x000000fc   Code   RO         3480    i.ble_evt_handler   ble_conn_params.o
    0x00028a34   0x00028a34   0x00000118   Code   RO         3577    i.ble_evt_handler   ble_conn_state.o
    0x00028b4c   0x00028b4c   0x00000066   Code   RO         3962    i.ble_nus_data_send  ble_nus.o
    0x00028bb2   0x00028bb2   0x00000002   PAD
    0x00028bb4   0x00028bb4   0x000000d4   Code   RO         3963    i.ble_nus_init      ble_nus.o
    0x00028c88   0x00028c88   0x00000072   Code   RO         3964    i.ble_nus_on_ble_evt  ble_nus.o
    0x00028cfa   0x00028cfa   0x00000008   Code   RO         3759    i.ble_srv_is_notification_enabled  ble_srv_common.o
    0x00028d02   0x00028d02   0x00000002   PAD
    0x00028d04   0x00028d04   0x0000000c   Code   RO         2904    i.bsp_board_button_idx_to_pin  boards.o
    0x00028d10   0x00028d10   0x00000020   Code   RO         2905    i.bsp_board_button_state_get  boards.o
    0x00028d30   0x00028d30   0x00000054   Code   RO         2906    i.bsp_board_init    boards.o
    0x00028d84   0x00028d84   0x00000024   Code   RO         2908    i.bsp_board_led_invert  boards.o
    0x00028da8   0x00028da8   0x00000010   Code   RO         2909    i.bsp_board_led_off  boards.o
    0x00028db8   0x00028db8   0x00000010   Code   RO         2910    i.bsp_board_led_on  boards.o
    0x00028dc8   0x00028dc8   0x00000020   Code   RO         2911    i.bsp_board_led_state_get  boards.o
    0x00028de8   0x00028de8   0x00000012   Code   RO         2912    i.bsp_board_leds_off  boards.o
    0x00028dfa   0x00028dfa   0x00000012   Code   RO         2913    i.bsp_board_leds_on  boards.o
    0x00028e0c   0x00028e0c   0x00000024   Code   RO         2914    i.bsp_board_pin_to_button_idx  boards.o
    0x00028e30   0x00028e30   0x00000038   Code   RO         3135    i.bsp_btn_ble_init  bsp_btn_ble.o
    0x00028e68   0x00028e68   0x0000001e   Code   RO         3136    i.bsp_btn_ble_sleep_mode_prepare  bsp_btn_ble.o
    0x00028e86   0x00028e86   0x00000002   PAD
    0x00028e88   0x00028e88   0x00000090   Code   RO         3008    i.bsp_button_event_handler  bsp.o
    0x00028f18   0x00028f18   0x0000000c   Code   RO         3009    i.bsp_button_is_pressed  bsp.o
    0x00028f24   0x00028f24   0x0000004c   Code   RO            7    i.bsp_event_handler  main.o
    0x00028f70   0x00028f70   0x00000044   Code   RO         3012    i.bsp_event_to_button_action_assign  bsp.o
    0x00028fb4   0x00028fb4   0x00000018   Code   RO         3013    i.bsp_indication_set  bsp.o
    0x00028fcc   0x00028fcc   0x00000094   Code   RO         3014    i.bsp_init          bsp.o
    0x00029060   0x00029060   0x000001c8   Code   RO         3015    i.bsp_led_indication  bsp.o
    0x00029228   0x00029228   0x00000006   Code   RO         3017    i.bsp_wakeup_button_enable  bsp.o
    0x0002922e   0x0002922e   0x00000002   PAD
    0x00029230   0x00029230   0x00000090   Code   RO         7772    i.buf_prealloc      nrf_log_frontend.o
    0x000292c0   0x000292c0   0x0000002e   Code   RO         7217    i.buffer_add        nrf_fprintf_format.o
    0x000292ee   0x000292ee   0x00000002   PAD
    0x000292f0   0x000292f0   0x00000014   Code   RO         7773    i.buffer_is_empty   nrf_log_frontend.o
    0x00029304   0x00029304   0x00000028   Code   RO         6040    i.button_get        app_button.o
    0x0002932c   0x0002932c   0x00000008   Code   RO         3018    i.button_timer_handler  bsp.o
    0x00029334   0x00029334   0x0000001c   Code   RO         4505    i.channel_free      nrfx_gpiote.o
    0x00029350   0x00029350   0x00000048   Code   RO         4506    i.channel_port_alloc  nrfx_gpiote.o
    0x00029398   0x00029398   0x00000010   Code   RO         4507    i.channel_port_get  nrfx_gpiote.o
    0x000293a8   0x000293a8   0x00000190   Code   RO         3761    i.characteristic_add  ble_srv_common.o
    0x00029538   0x00029538   0x00000028   Code   RO         4023    i.clock_clk_started_notify  nrf_drv_clock.o
    0x00029560   0x00029560   0x0000001c   Code   RO         4024    i.clock_irq_handler  nrf_drv_clock.o
    0x0002957c   0x0002957c   0x00000018   Code   RO         6377    i.compare_func      app_timer2.o
    0x00029594   0x00029594   0x0000003e   Code   RO         3578    i.conn_handle_list_get  ble_conn_state.o
    0x000295d2   0x000295d2   0x00000088   Code   RO         3274    i.conn_int_encode   ble_advdata.o
    0x0002965a   0x0002965a   0x00000004   Code   RO            8    i.conn_params_error_handler  main.o
    0x0002965e   0x0002965e   0x00000002   PAD
    0x00029660   0x00029660   0x00000048   Code   RO         3481    i.conn_params_negotiation  ble_conn_params.o
    0x000296a8   0x000296a8   0x000000c0   Code   RO         3816    i.data_length_update  nrf_ble_gatt.o
    0x00029768   0x00029768   0x00000048   Code   RO         6041    i.detection_delay_timeout_handler  app_button.o
    0x000297b0   0x000297b0   0x00000014   Code   RO         7774    i.dropped_sat16_get  nrf_log_frontend.o
    0x000297c4   0x000297c4   0x00000014   Code   RO         6662    i.drv_rtc_compare_disable  drv_rtc.o
    0x000297d8   0x000297d8   0x0000000e   Code   RO         6664    i.drv_rtc_compare_pending  drv_rtc.o
    0x000297e6   0x000297e6   0x00000050   Code   RO         6665    i.drv_rtc_compare_set  drv_rtc.o
    0x00029836   0x00029836   0x00000008   Code   RO         6666    i.drv_rtc_counter_get  drv_rtc.o
    0x0002983e   0x0002983e   0x00000002   PAD
    0x00029840   0x00029840   0x000000d4   Code   RO         6667    i.drv_rtc_init      drv_rtc.o
    0x00029914   0x00029914   0x0000001a   Code   RO         6668    i.drv_rtc_irq_trigger  drv_rtc.o
    0x0002992e   0x0002992e   0x00000008   Code   RO         6670    i.drv_rtc_overflow_enable  drv_rtc.o
    0x00029936   0x00029936   0x00000008   Code   RO         6671    i.drv_rtc_overflow_pending  drv_rtc.o
    0x0002993e   0x0002993e   0x00000008   Code   RO         6672    i.drv_rtc_start     drv_rtc.o
    0x00029946   0x00029946   0x00000008   Code   RO         6673    i.drv_rtc_stop      drv_rtc.o
    0x0002994e   0x0002994e   0x000000de   Code   RO         6678    i.drv_rtc_windowed_compare_set  drv_rtc.o
    0x00029a2c   0x00029a2c   0x00000012   Code   RO         6679    i.evt_enable        drv_rtc.o
    0x00029a3e   0x00029a3e   0x00000002   PAD
    0x00029a40   0x00029a40   0x000000e0   Code   RO         6042    i.evt_handle        app_button.o
    0x00029b20   0x00029b20   0x00000014   Code   RO         6680    i.evt_pending       drv_rtc.o
    0x00029b34   0x00029b34   0x00000014   Code   RO         6251    i.fifo_get          app_fifo.o
    0x00029b48   0x00029b48   0x00000012   Code   RO         6252    i.fifo_put          app_fifo.o
    0x00029b5a   0x00029b5a   0x0000000a   Code   RO         3579    i.flag_toggle       ble_conn_state.o
    0x00029b64   0x00029b64   0x00000028   Code   RO         3386    i.flags_set         ble_advertising.o
    0x00029b8c   0x00029b8c   0x0000000e   Code   RO         7599    i.fputc             retarget.o
    0x00029b9a   0x00029b9a   0x00000002   PAD
    0x00029b9c   0x00029b9c   0x00000090   Code   RO            9    i.gap_params_init   main.o
    0x00029c2c   0x00029c2c   0x0000005c   Code   RO           10    i.gatt_evt_handler  main.o
    0x00029c88   0x00029c88   0x00000030   Code   RO           11    i.gatt_init         main.o
    0x00029cb8   0x00029cb8   0x00000034   Code   RO         6378    i.get_now           app_timer2.o
    0x00029cec   0x00029cec   0x0000009c   Code   RO           12    i.gpio_init         main.o
    0x00029d88   0x00029d88   0x0000003c   Code   RO         6043    i.gpiote_event_handler  app_button.o
    0x00029dc4   0x00029dc4   0x0000000c   Code   RO           13    i.in_pin_handler    main.o
    0x00029dd0   0x00029dd0   0x00000014   Code   RO         3482    i.instance_get      ble_conn_params.o
    0x00029de4   0x00029de4   0x000000a6   Code   RO         7218    i.int_print         nrf_fprintf_format.o
    0x00029e8a   0x00029e8a   0x00000002   PAD
    0x00029e8c   0x00029e8c   0x00000084   Code   RO         5016    i.interrupts_enable  nrfx_uarte.o
    0x00029f10   0x00029f10   0x00000034   Code   RO         7775    i.invalid_packets_omit  nrf_log_frontend.o
    0x00029f44   0x00029f44   0x00000018   Code   RO         5846    i.is_allocated_channel  nrfx_ppi.o
    0x00029f5c   0x00029f5c   0x0000000a   Code   RO         5848    i.is_app_channel    nrfx_ppi.o
    0x00029f66   0x00029f66   0x00000044   Code   RO         3483    i.is_conn_params_ok  ble_conn_params.o
    0x00029faa   0x00029faa   0x0000000c   Code   RO         5850    i.is_programmable_app_channel  nrfx_ppi.o
    0x00029fb6   0x00029fb6   0x00000002   PAD
    0x00029fb8   0x00029fb8   0x00000030   Code   RO         3019    i.leds_off          bsp.o
    0x00029fe8   0x00029fe8   0x00000014   Code   RO         3020    i.leds_timer_handler  bsp.o
    0x00029ffc   0x00029ffc   0x00000018   Code   RO         3817    i.link_init         nrf_ble_gatt.o
    0x0002a014   0x0002a014   0x0000009c   Code   RO         7776    i.log_skip          nrf_log_frontend.o
    0x0002a0b0   0x0002a0b0   0x00000338   Code   RO           14    i.main              main.o
    0x0002a3e8   0x0002a3e8   0x00000064   Code   RO         3275    i.manuf_specific_data_encode  ble_advdata.o
    0x0002a44c   0x0002a44c   0x0000007e   Code   RO         7257    i.memobj_op         nrf_memobj.o
    0x0002a4ca   0x0002a4ca   0x00000002   PAD
    0x0002a4cc   0x0002a4cc   0x00000030   Code   RO         7777    i.module_idx_get    nrf_log_frontend.o
    0x0002a4fc   0x0002a4fc   0x000000a6   Code   RO         3276    i.name_encode       ble_advdata.o
    0x0002a5a2   0x0002a5a2   0x00000026   Code   RO         6873    i.nrf_atfifo_init   nrf_atfifo.o
    0x0002a5c8   0x0002a5c8   0x00000016   Code   RO         6874    i.nrf_atfifo_item_alloc  nrf_atfifo.o
    0x0002a5de   0x0002a5de   0x00000016   Code   RO         6875    i.nrf_atfifo_item_free  nrf_atfifo.o
    0x0002a5f4   0x0002a5f4   0x00000016   Code   RO         6876    i.nrf_atfifo_item_get  nrf_atfifo.o
    0x0002a60a   0x0002a60a   0x00000016   Code   RO         6877    i.nrf_atfifo_item_put  nrf_atfifo.o
    0x0002a620   0x0002a620   0x00000016   Code   RO         6939    i.nrf_atflags_clear  nrf_atflags.o
    0x0002a636   0x0002a636   0x00000016   Code   RO         6944    i.nrf_atflags_get   nrf_atflags.o
    0x0002a64c   0x0002a64c   0x00000014   Code   RO         6946    i.nrf_atflags_set   nrf_atflags.o
    0x0002a660   0x0002a660   0x00000006   Code   RO         7007    i.nrf_atomic_flag_clear_fetch  nrf_atomic.o
    0x0002a666   0x0002a666   0x00000006   Code   RO         7008    i.nrf_atomic_flag_set  nrf_atomic.o
    0x0002a66c   0x0002a66c   0x0000000c   Code   RO         7010    i.nrf_atomic_u32_add  nrf_atomic.o
    0x0002a678   0x0002a678   0x0000000c   Code   RO         7011    i.nrf_atomic_u32_and  nrf_atomic.o
    0x0002a684   0x0002a684   0x0000000a   Code   RO         7014    i.nrf_atomic_u32_fetch_and  nrf_atomic.o
    0x0002a68e   0x0002a68e   0x0000000a   Code   RO         7016    i.nrf_atomic_u32_fetch_store  nrf_atomic.o
    0x0002a698   0x0002a698   0x0000000c   Code   RO         7020    i.nrf_atomic_u32_or  nrf_atomic.o
    0x0002a6a4   0x0002a6a4   0x0000000c   Code   RO         7022    i.nrf_atomic_u32_sub  nrf_atomic.o
    0x0002a6b0   0x0002a6b0   0x00000044   Code   RO         7141    i.nrf_balloc_alloc  nrf_balloc.o
    0x0002a6f4   0x0002a6f4   0x00000030   Code   RO         7142    i.nrf_balloc_free   nrf_balloc.o
    0x0002a724   0x0002a724   0x00000030   Code   RO         7143    i.nrf_balloc_init   nrf_balloc.o
    0x0002a754   0x0002a754   0x00000010   Code   RO         4508    i.nrf_bitmask_bit_is_set  nrfx_gpiote.o
    0x0002a764   0x0002a764   0x00000014   Code   RO         4509    i.nrf_bitmask_bit_set  nrfx_gpiote.o
    0x0002a778   0x0002a778   0x00000018   Code   RO         3819    i.nrf_ble_gatt_att_mtu_periph_set  nrf_ble_gatt.o
    0x0002a790   0x0002a790   0x00000022   Code   RO         3823    i.nrf_ble_gatt_init  nrf_ble_gatt.o
    0x0002a7b2   0x0002a7b2   0x00000002   PAD
    0x0002a7b4   0x0002a7b4   0x00000150   Code   RO         3824    i.nrf_ble_gatt_on_ble_evt  nrf_ble_gatt.o
    0x0002a904   0x0002a904   0x00000016   Code   RO         3918    i.nrf_ble_qwr_conn_handle_assign  nrf_ble_qwr.o
    0x0002a91a   0x0002a91a   0x00000024   Code   RO         3919    i.nrf_ble_qwr_init  nrf_ble_qwr.o
    0x0002a93e   0x0002a93e   0x000000b6   Code   RO         3920    i.nrf_ble_qwr_on_ble_evt  nrf_ble_qwr.o
    0x0002a9f4   0x0002a9f4   0x0000000e   Code   RO         4367    i.nrf_clock_event_check  nrfx_clock.o
    0x0002aa02   0x0002aa02   0x00000010   Code   RO         4368    i.nrf_clock_event_clear  nrfx_clock.o
    0x0002aa12   0x0002aa12   0x00000002   PAD
    0x0002aa14   0x0002aa14   0x00000020   Code   RO           15    i.nrf_delay_ms      main.o
    0x0002aa34   0x0002aa34   0x00000016   Code   RO          818    i.nrf_delay_ms      ads1299.o
    0x0002aa4a   0x0002aa4a   0x00000002   PAD
    0x0002aa4c   0x0002aa4c   0x00000038   Code   RO         4031    i.nrf_drv_clock_init  nrf_drv_clock.o
    0x0002aa84   0x0002aa84   0x00000030   Code   RO         4035    i.nrf_drv_clock_lfclk_release  nrf_drv_clock.o
    0x0002aab4   0x0002aab4   0x00000018   Code   RO         5998    i.nrf_drv_ppi_init  nrf_drv_ppi.o
    0x0002aacc   0x0002aacc   0x00000028   Code   RO         5175    i.nrf_drv_spi_init  nrf_drv_spi.o
    0x0002aaf4   0x0002aaf4   0x00000016   Code   RO          819    i.nrf_drv_spi_transfer  ads1299.o
    0x0002ab0a   0x0002ab0a   0x00000002   PAD
    0x0002ab0c   0x0002ab0c   0x00000040   Code   RO         5321    i.nrf_drv_twi_init  nrf_drv_twi.o
    0x0002ab4c   0x0002ab4c   0x00000006   Code   RO          617    i.nrf_drv_twi_rx    i2cdev.o
    0x0002ab52   0x0002ab52   0x0000000e   Code   RO          618    i.nrf_drv_twi_tx    i2cdev.o
    0x0002ab60   0x0002ab60   0x00000068   Code   RO         4175    i.nrf_drv_uart_init  nrf_drv_uart.o
    0x0002abc8   0x0002abc8   0x00000020   Code   RO         6512    i.nrf_drv_uart_rx   app_uart_fifo.o
    0x0002abe8   0x0002abe8   0x00000020   Code   RO         6513    i.nrf_drv_uart_tx   app_uart_fifo.o
    0x0002ac08   0x0002ac08   0x0000001a   Code   RO         7178    i.nrf_fprintf       nrf_fprintf.o
    0x0002ac22   0x0002ac22   0x00000018   Code   RO         7179    i.nrf_fprintf_buffer_flush  nrf_fprintf.o
    0x0002ac3a   0x0002ac3a   0x000001da   Code   RO         7219    i.nrf_fprintf_fmt   nrf_fprintf_format.o
    0x0002ae14   0x0002ae14   0x00000024   Code   RO         2916    i.nrf_gpio_cfg      boards.o
    0x0002ae38   0x0002ae38   0x00000024   Code   RO         4510    i.nrf_gpio_cfg      nrfx_gpiote.o
    0x0002ae5c   0x0002ae5c   0x00000024   Code   RO         4828    i.nrf_gpio_cfg      nrfx_uart.o
    0x0002ae80   0x0002ae80   0x00000024   Code   RO         5017    i.nrf_gpio_cfg      nrfx_uarte.o
    0x0002aea4   0x0002aea4   0x00000024   Code   RO         5210    i.nrf_gpio_cfg      nrfx_spi.o
    0x0002aec8   0x0002aec8   0x00000024   Code   RO         5390    i.nrf_gpio_cfg      nrfx_twi.o
    0x0002aeec   0x0002aeec   0x00000012   Code   RO         4830    i.nrf_gpio_cfg_input  nrfx_uart.o
    0x0002aefe   0x0002aefe   0x00000012   Code   RO         5019    i.nrf_gpio_cfg_input  nrfx_uarte.o
    0x0002af10   0x0002af10   0x00000010   Code   RO           16    i.nrf_gpio_cfg_output  main.o
    0x0002af20   0x0002af20   0x00000014   Code   RO         4831    i.nrf_gpio_cfg_output  nrfx_uart.o
    0x0002af34   0x0002af34   0x00000014   Code   RO         5020    i.nrf_gpio_cfg_output  nrfx_uarte.o
    0x0002af48   0x0002af48   0x00000014   Code   RO         5211    i.nrf_gpio_cfg_output  nrfx_spi.o
    0x0002af5c   0x0002af5c   0x00000022   Code   RO         4512    i.nrf_gpio_cfg_sense_set  nrfx_gpiote.o
    0x0002af7e   0x0002af7e   0x0000000e   Code   RO           17    i.nrf_gpio_pin_clear  main.o
    0x0002af8c   0x0002af8c   0x0000000e   Code   RO           18    i.nrf_gpio_pin_set  main.o
    0x0002af9a   0x0002af9a   0x0000000e   Code   RO         5212    i.nrf_gpio_pin_set  nrfx_spi.o
    0x0002afa8   0x0002afa8   0x0000000e   Code   RO         5322    i.nrf_gpio_pin_set  nrf_drv_twi.o
    0x0002afb6   0x0002afb6   0x00000016   Code   RO         2917    i.nrf_gpio_pin_write  boards.o
    0x0002afcc   0x0002afcc   0x00000028   Code   RO         4513    i.nrf_gpio_ports_read  nrfx_gpiote.o
    0x0002aff4   0x0002aff4   0x00000014   Code   RO         4514    i.nrf_gpiote_event_clear  nrfx_gpiote.o
    0x0002b008   0x0002b008   0x00000010   Code   RO         4515    i.nrf_gpiote_event_is_set  nrfx_gpiote.o
    0x0002b018   0x0002b018   0x0000005c   Code   RO         7778    i.nrf_log_backend_add  nrf_log_frontend.o
    0x0002b074   0x0002b074   0x00000002   Code   RO         7636    i.nrf_log_backend_rtt_flush  nrf_log_backend_rtt.o
    0x0002b076   0x0002b076   0x00000004   Code   RO         7637    i.nrf_log_backend_rtt_init  nrf_log_backend_rtt.o
    0x0002b07a   0x0002b07a   0x00000002   Code   RO         7638    i.nrf_log_backend_rtt_panic_set  nrf_log_backend_rtt.o
    0x0002b07c   0x0002b07c   0x00000018   Code   RO         7639    i.nrf_log_backend_rtt_put  nrf_log_backend_rtt.o
    0x0002b094   0x0002b094   0x000000c2   Code   RO         7702    i.nrf_log_backend_serial_put  nrf_log_backend_serial.o
    0x0002b156   0x0002b156   0x00000002   PAD
    0x0002b158   0x0002b158   0x00000030   Code   RO         7780    i.nrf_log_color_id_get  nrf_log_frontend.o
    0x0002b188   0x0002b188   0x0000001c   Code   RO         7736    i.nrf_log_default_backends_init  nrf_log_default_backends.o
    0x0002b1a4   0x0002b1a4   0x00000230   Code   RO         7781    i.nrf_log_frontend_dequeue  nrf_log_frontend.o
    0x0002b3d4   0x0002b3d4   0x00000008   Code   RO         7783    i.nrf_log_frontend_std_0  nrf_log_frontend.o
    0x0002b3dc   0x0002b3dc   0x0000000e   Code   RO         7784    i.nrf_log_frontend_std_1  nrf_log_frontend.o
    0x0002b3ea   0x0002b3ea   0x00000010   Code   RO         7785    i.nrf_log_frontend_std_2  nrf_log_frontend.o
    0x0002b3fa   0x0002b3fa   0x00000002   PAD
    0x0002b3fc   0x0002b3fc   0x000000b0   Code   RO         7958    i.nrf_log_hexdump_entry_process  nrf_log_str_formatter.o
    0x0002b4ac   0x0002b4ac   0x0000003c   Code   RO         7790    i.nrf_log_init      nrf_log_frontend.o
    0x0002b4e8   0x0002b4e8   0x00000014   Code   RO         7791    i.nrf_log_module_cnt_get  nrf_log_frontend.o
    0x0002b4fc   0x0002b4fc   0x0000001c   Code   RO         7794    i.nrf_log_module_name_get  nrf_log_frontend.o
    0x0002b518   0x0002b518   0x0000002c   Code   RO         7795    i.nrf_log_panic     nrf_log_frontend.o
    0x0002b544   0x0002b544   0x000000b6   Code   RO         7959    i.nrf_log_std_entry_process  nrf_log_str_formatter.o
    0x0002b5fa   0x0002b5fa   0x00000060   Code   RO         7258    i.nrf_memobj_alloc  nrf_memobj.o
    0x0002b65a   0x0002b65a   0x00000032   Code   RO         7259    i.nrf_memobj_free   nrf_memobj.o
    0x0002b68c   0x0002b68c   0x00000008   Code   RO         7260    i.nrf_memobj_get    nrf_memobj.o
    0x0002b694   0x0002b694   0x00000004   Code   RO         7261    i.nrf_memobj_pool_init  nrf_memobj.o
    0x0002b698   0x0002b698   0x0000001e   Code   RO         7262    i.nrf_memobj_put    nrf_memobj.o
    0x0002b6b6   0x0002b6b6   0x00000010   Code   RO         7263    i.nrf_memobj_read   nrf_memobj.o
    0x0002b6c6   0x0002b6c6   0x00000010   Code   RO         7264    i.nrf_memobj_write  nrf_memobj.o
    0x0002b6d6   0x0002b6d6   0x00000002   PAD
    0x0002b6d8   0x0002b6d8   0x00000028   Code   RO         7336    i.nrf_pwr_mgmt_init  nrf_pwr_mgmt.o
    0x0002b700   0x0002b700   0x00000004   Code   RO           19    i.nrf_qwr_error_handler  main.o
    0x0002b704   0x0002b704   0x0000001c   Code   RO         7416    i.nrf_ringbuf_init  nrf_ringbuf.o
    0x0002b720   0x0002b720   0x0000000c   Code   RO         6681    i.nrf_rtc_event_clear  drv_rtc.o
    0x0002b72c   0x0002b72c   0x00000010   Code   RO         5697    i.nrf_saadc_buffer_init  nrfx_saadc.o
    0x0002b73c   0x0002b73c   0x00000014   Code   RO         5698    i.nrf_saadc_channel_input_set  nrfx_saadc.o
    0x0002b750   0x0002b750   0x00000010   Code   RO         5699    i.nrf_saadc_event_check  nrfx_saadc.o
    0x0002b760   0x0002b760   0x00000014   Code   RO         5700    i.nrf_saadc_event_clear  nrfx_saadc.o
    0x0002b774   0x0002b774   0x00000014   Code   RO         8389    i.nrf_sdh_ble_app_ram_start_get  nrf_sdh_ble.o
    0x0002b788   0x0002b788   0x00000130   Code   RO         8390    i.nrf_sdh_ble_default_cfg_set  nrf_sdh_ble.o
    0x0002b8b8   0x0002b8b8   0x00000130   Code   RO         8391    i.nrf_sdh_ble_enable  nrf_sdh_ble.o
    0x0002b9e8   0x0002b9e8   0x00000060   Code   RO         8392    i.nrf_sdh_ble_evts_poll  nrf_sdh_ble.o
    0x0002ba48   0x0002ba48   0x00000074   Code   RO         8271    i.nrf_sdh_enable_request  nrf_sdh.o
    0x0002babc   0x0002babc   0x00000024   Code   RO         8272    i.nrf_sdh_evts_poll  nrf_sdh.o
    0x0002bae0   0x0002bae0   0x0000000c   Code   RO         8273    i.nrf_sdh_is_enabled  nrf_sdh.o
    0x0002baec   0x0002baec   0x0000003c   Code   RO         8443    i.nrf_sdh_soc_evts_poll  nrf_sdh_soc.o
    0x0002bb28   0x0002bb28   0x0000000a   Code   RO         7474    i.nrf_section_iter_init  nrf_section_iter.o
    0x0002bb32   0x0002bb32   0x00000024   Code   RO         7475    i.nrf_section_iter_item_set  nrf_section_iter.o
    0x0002bb56   0x0002bb56   0x00000020   Code   RO         7476    i.nrf_section_iter_next  nrf_section_iter.o
    0x0002bb76   0x0002bb76   0x00000022   Code   RO         7509    i.nrf_sortlist_add  nrf_sortlist.o
    0x0002bb98   0x0002bb98   0x00000006   Code   RO         7511    i.nrf_sortlist_peek  nrf_sortlist.o
    0x0002bb9e   0x0002bb9e   0x0000000e   Code   RO         7512    i.nrf_sortlist_pop  nrf_sortlist.o
    0x0002bbac   0x0002bbac   0x0000001e   Code   RO         7513    i.nrf_sortlist_remove  nrf_sortlist.o
    0x0002bbca   0x0002bbca   0x00000002   PAD
    0x0002bbcc   0x0002bbcc   0x00000038   Code   RO         7565    i.nrf_strerror_find  nrf_strerror.o
    0x0002bc04   0x0002bc04   0x00000014   Code   RO         7566    i.nrf_strerror_get  nrf_strerror.o
    0x0002bc18   0x0002bc18   0x0000000c   Code   RO         5568    i.nrf_timer_event_clear  nrfx_timer.o
    0x0002bc24   0x0002bc24   0x0000000a   Code   RO         5392    i.nrf_twi_event_check  nrfx_twi.o
    0x0002bc2e   0x0002bc2e   0x0000000c   Code   RO         5393    i.nrf_twi_event_clear  nrfx_twi.o
    0x0002bc3a   0x0002bc3a   0x0000000a   Code   RO         4832    i.nrf_uart_event_check  nrfx_uart.o
    0x0002bc44   0x0002bc44   0x0000000c   Code   RO         4833    i.nrf_uart_event_clear  nrfx_uart.o
    0x0002bc50   0x0002bc50   0x0000000c   Code   RO         4834    i.nrf_uart_int_enable_check  nrfx_uart.o
    0x0002bc5c   0x0002bc5c   0x0000000a   Code   RO         5021    i.nrf_uarte_event_check  nrfx_uarte.o
    0x0002bc66   0x0002bc66   0x0000000c   Code   RO         5022    i.nrf_uarte_event_clear  nrfx_uarte.o
    0x0002bc72   0x0002bc72   0x00000002   PAD
    0x0002bc74   0x0002bc74   0x0000002c   Code   RO         4373    i.nrfx_clock_enable  nrfx_clock.o
    0x0002bca0   0x0002bca0   0x00000020   Code   RO         4376    i.nrfx_clock_init   nrfx_clock.o
    0x0002bcc0   0x0002bcc0   0x0000001c   Code   RO         4379    i.nrfx_clock_lfclk_stop  nrfx_clock.o
    0x0002bcdc   0x0002bcdc   0x00000010   Code   RO          820    i.nrfx_coredep_delay_us  ads1299.o
    0x0002bcec   0x0002bcec   0x00000010   Code   RO         5323    i.nrfx_coredep_delay_us  nrf_drv_twi.o
    0x0002bcfc   0x0002bcfc   0x00000010   Code   RO         6682    i.nrfx_coredep_delay_us  drv_rtc.o
    0x0002bd0c   0x0002bd0c   0x000000a4   Code   RO         4520    i.nrfx_gpiote_in_event_enable  nrfx_gpiote.o
    0x0002bdb0   0x0002bdb0   0x000000d0   Code   RO         4521    i.nrfx_gpiote_in_init  nrfx_gpiote.o
    0x0002be80   0x0002be80   0x00000014   Code   RO         4522    i.nrfx_gpiote_in_is_set  nrfx_gpiote.o
    0x0002be94   0x0002be94   0x0000006c   Code   RO         4524    i.nrfx_gpiote_init  nrfx_gpiote.o
    0x0002bf00   0x0002bf00   0x00000014   Code   RO         4525    i.nrfx_gpiote_is_init  nrfx_gpiote.o
    0x0002bf14   0x0002bf14   0x00000010   Code   RO         5023    i.nrfx_is_in_ram    nrfx_uarte.o
    0x0002bf24   0x0002bf24   0x0000006c   Code   RO         5851    i.nrfx_ppi_channel_alloc  nrfx_ppi.o
    0x0002bf90   0x0002bf90   0x00000044   Code   RO         5852    i.nrfx_ppi_channel_assign  nrfx_ppi.o
    0x0002bfd4   0x0002bfd4   0x00000034   Code   RO         5854    i.nrfx_ppi_channel_enable  nrfx_ppi.o
    0x0002c008   0x0002c008   0x0000003a   Code   RO         4774    i.nrfx_prs_acquire  nrfx_prs.o
    0x0002c042   0x0002c042   0x00000002   PAD
    0x0002c044   0x0002c044   0x000000a4   Code   RO         5704    i.nrfx_saadc_buffer_convert  nrfx_saadc.o
    0x0002c0e8   0x0002c0e8   0x000000ac   Code   RO         5706    i.nrfx_saadc_channel_init  nrfx_saadc.o
    0x0002c194   0x0002c194   0x00000094   Code   RO         5708    i.nrfx_saadc_init   nrfx_saadc.o
    0x0002c228   0x0002c228   0x0000001c   Code   RO         5713    i.nrfx_saadc_sample_task_get  nrfx_saadc.o
    0x0002c244   0x0002c244   0x0000019c   Code   RO         5214    i.nrfx_spi_init     nrfx_spi.o
    0x0002c3e0   0x0002c3e0   0x00000064   Code   RO         5216    i.nrfx_spi_xfer     nrfx_spi.o
    0x0002c444   0x0002c444   0x0000003a   Code   RO         5571    i.nrfx_timer_compare  nrfx_timer.o
    0x0002c47e   0x0002c47e   0x00000002   PAD
    0x0002c480   0x0002c480   0x0000001c   Code   RO         5575    i.nrfx_timer_enable  nrfx_timer.o
    0x0002c49c   0x0002c49c   0x0000002a   Code   RO         5576    i.nrfx_timer_extended_compare  nrfx_timer.o
    0x0002c4c6   0x0002c4c6   0x00000002   PAD
    0x0002c4c8   0x0002c4c8   0x000000bc   Code   RO         5578    i.nrfx_timer_init   nrfx_timer.o
    0x0002c584   0x0002c584   0x00000038   Code   RO         5395    i.nrfx_twi_disable  nrfx_twi.o
    0x0002c5bc   0x0002c5bc   0x00000020   Code   RO         5396    i.nrfx_twi_enable   nrfx_twi.o
    0x0002c5dc   0x0002c5dc   0x000000e0   Code   RO         5397    i.nrfx_twi_init     nrfx_twi.o
    0x0002c6bc   0x0002c6bc   0x00000030   Code   RO         5399    i.nrfx_twi_rx       nrfx_twi.o
    0x0002c6ec   0x0002c6ec   0x00000036   Code   RO         5401    i.nrfx_twi_tx       nrfx_twi.o
    0x0002c722   0x0002c722   0x00000002   PAD
    0x0002c724   0x0002c724   0x00000020   Code   RO         5403    i.nrfx_twi_xfer     nrfx_twi.o
    0x0002c744   0x0002c744   0x00000010   Code   RO         4835    i.nrfx_uart_0_irq_handler  nrfx_uart.o
    0x0002c754   0x0002c754   0x000000d0   Code   RO         4837    i.nrfx_uart_init    nrfx_uart.o
    0x0002c824   0x0002c824   0x000000ec   Code   RO         4838    i.nrfx_uart_rx      nrfx_uart.o
    0x0002c910   0x0002c910   0x000000a8   Code   RO         4843    i.nrfx_uart_tx      nrfx_uart.o
    0x0002c9b8   0x0002c9b8   0x00000020   Code   RO         4845    i.nrfx_uart_tx_in_progress  nrfx_uart.o
    0x0002c9d8   0x0002c9d8   0x00000010   Code   RO         5024    i.nrfx_uarte_0_irq_handler  nrfx_uarte.o
    0x0002c9e8   0x0002c9e8   0x0000006c   Code   RO         5026    i.nrfx_uarte_init   nrfx_uarte.o
    0x0002ca54   0x0002ca54   0x00000104   Code   RO         5027    i.nrfx_uarte_rx     nrfx_uarte.o
    0x0002cb58   0x0002cb58   0x000000ac   Code   RO         5030    i.nrfx_uarte_tx     nrfx_uarte.o
    0x0002cc04   0x0002cc04   0x0000001c   Code   RO         5032    i.nrfx_uarte_tx_in_progress  nrfx_uarte.o
    0x0002cc20   0x0002cc20   0x00000168   Code   RO           20    i.nus_data_handler  main.o
    0x0002cd88   0x0002cd88   0x00000024   Code   RO           21    i.on_adv_evt        main.o
    0x0002cdac   0x0002cdac   0x0000001c   Code   RO           22    i.on_conn_params_evt  main.o
    0x0002cdc8   0x0002cdc8   0x0000006a   Code   RO         3965    i.on_connect        ble_nus.o
    0x0002ce32   0x0002ce32   0x00000002   PAD
    0x0002ce34   0x0002ce34   0x000000a8   Code   RO         3825    i.on_connected_evt  nrf_ble_gatt.o
    0x0002cedc   0x0002cedc   0x000000ac   Code   RO         3826    i.on_exchange_mtu_request_evt  nrf_ble_gatt.o
    0x0002cf88   0x0002cf88   0x00000084   Code   RO         3966    i.on_write          ble_nus.o
    0x0002d00c   0x0002d00c   0x00000012   Code   RO         3387    i.phy_is_valid      ble_advertising.o
    0x0002d01e   0x0002d01e   0x00000002   PAD
    0x0002d020   0x0002d020   0x00000018   Code   RO         4541    i.pin_in_use_by_port  nrfx_gpiote.o
    0x0002d038   0x0002d038   0x00000018   Code   RO         4542    i.pin_in_use_by_te  nrfx_gpiote.o
    0x0002d050   0x0002d050   0x0000003c   Code   RO         7961    i.postfix_process   nrf_log_str_formatter.o
    0x0002d08c   0x0002d08c   0x00000098   Code   RO         7962    i.prefix_process    nrf_log_str_formatter.o
    0x0002d124   0x0002d124   0x00000018   Code   RO         4776    i.prs_box_get       nrfx_prs.o
    0x0002d13c   0x0002d13c   0x0000005c   Code   RO         6379    i.rtc_irq           app_timer2.o
    0x0002d198   0x0002d198   0x00000064   Code   RO         6380    i.rtc_schedule      app_timer2.o
    0x0002d1fc   0x0002d1fc   0x00000074   Code   RO         6381    i.rtc_update        app_timer2.o
    0x0002d270   0x0002d270   0x00000032   Code   RO         4847    i.rx_byte           nrfx_uart.o
    0x0002d2a2   0x0002d2a2   0x00000016   Code   RO         4848    i.rx_done_event     nrfx_uart.o
    0x0002d2b8   0x0002d2b8   0x00000016   Code   RO         5034    i.rx_done_event     nrfx_uarte.o
    0x0002d2ce   0x0002d2ce   0x00000020   Code   RO         4849    i.rx_enable         nrfx_uart.o
    0x0002d2ee   0x0002d2ee   0x00000002   PAD
    0x0002d2f0   0x0002d2f0   0x000000c8   Code   RO           23    i.saadc_callback    main.o
    0x0002d3b8   0x0002d3b8   0x00000058   Code   RO           24    i.saadc_init        main.o
    0x0002d410   0x0002d410   0x0000001c   Code   RO           25    i.saadc_sampling_event_enable  main.o
    0x0002d42c   0x0002d42c   0x00000098   Code   RO           26    i.saadc_sampling_event_init  main.o
    0x0002d4c4   0x0002d4c4   0x00000050   Code   RO         4038    i.sd_state_evt_handler  nrf_drv_clock.o
    0x0002d514   0x0002d514   0x00000030   Code   RO         8278    i.sdh_request_observer_notify  nrf_sdh.o
    0x0002d544   0x0002d544   0x0000002c   Code   RO         8279    i.sdh_state_observer_notify  nrf_sdh.o
    0x0002d570   0x0002d570   0x000000d8   Code   RO           27    i.sendChannelData   main.o
    0x0002d648   0x0002d648   0x00000010   Code   RO         3484    i.send_error_evt    ble_conn_params.o
    0x0002d658   0x0002d658   0x00000050   Code   RO         7640    i.serial_tx         nrf_log_backend_rtt.o
    0x0002d6a8   0x0002d6a8   0x00000088   Code   RO         3277    i.service_data_encode  ble_advdata.o
    0x0002d730   0x0002d730   0x00000030   Code   RO         3763    i.set_security_req  ble_srv_common.o
    0x0002d760   0x0002d760   0x00000028   Code   RO           28    i.sleep_mode_enter  main.o
    0x0002d788   0x0002d788   0x00000018   Code   RO         4039    i.soc_evt_handler   nrf_drv_clock.o
    0x0002d7a0   0x0002d7a0   0x00000058   Code   RO         8281    i.softdevices_evt_irq_enable  nrf_sdh.o
    0x0002d7f8   0x0002d7f8   0x0000000c   Code   RO         6382    i.sortlist_pop      app_timer2.o
    0x0002d804   0x0002d804   0x00000002   Code   RO          821    i.spi_event_handler  ads1299.o
    0x0002d806   0x0002d806   0x00000002   PAD
    0x0002d808   0x0002d808   0x00000038   Code   RO         5176    i.spi_evt_handler   nrf_drv_spi.o
    0x0002d840   0x0002d840   0x0000007e   Code   RO         5217    i.spi_xfer          nrfx_spi.o
    0x0002d8be   0x0002d8be   0x00000002   PAD
    0x0002d8c0   0x0002d8c0   0x0000001c   Code   RO           30    i.startRunning      main.o
    0x0002d8dc   0x0002d8dc   0x00000030   Code   RO         6044    i.state_set         app_button.o
    0x0002d90c   0x0002d90c   0x0000008c   Code   RO         7797    i.std_n             nrf_log_frontend.o
    0x0002d998   0x0002d998   0x0000001c   Code   RO           31    i.stopRunning       main.o
    0x0002d9b4   0x0002d9b4   0x00000058   Code   RO         6383    i.timer_expire      app_timer2.o
    0x0002da0c   0x0002da0c   0x00000002   Code   RO           32    i.timer_handler     main.o
    0x0002da0e   0x0002da0e   0x00000002   PAD
    0x0002da10   0x0002da10   0x00000078   Code   RO         6384    i.timer_req_process  app_timer2.o
    0x0002da88   0x0002da88   0x00000038   Code   RO         6385    i.timer_req_schedule  app_timer2.o
    0x0002dac0   0x0002dac0   0x00000018   Code   RO         6045    i.timer_start       app_button.o
    0x0002dad8   0x0002dad8   0x00000064   Code   RO         5218    i.transfer_byte     nrfx_spi.o
    0x0002db3c   0x0002db3c   0x000000aa   Code   RO         5324    i.twi_clear_bus     nrf_drv_twi.o
    0x0002dbe6   0x0002dbe6   0x00000002   PAD
    0x0002dbe8   0x0002dbe8   0x00000040   Code   RO         5325    i.twi_evt_handler   nrf_drv_twi.o
    0x0002dc28   0x0002dc28   0x000000b0   Code   RO         5404    i.twi_irq_handler   nrfx_twi.o
    0x0002dcd8   0x0002dcd8   0x0000001e   Code   RO         5405    i.twi_process_error  nrfx_twi.o
    0x0002dcf6   0x0002dcf6   0x00000002   PAD
    0x0002dcf8   0x0002dcf8   0x000000c0   Code   RO         5406    i.twi_rx_start_transfer  nrfx_twi.o
    0x0002ddb8   0x0002ddb8   0x0000003c   Code   RO         5407    i.twi_send_byte     nrfx_twi.o
    0x0002ddf4   0x0002ddf4   0x00000120   Code   RO         5408    i.twi_transfer      nrfx_twi.o
    0x0002df14   0x0002df14   0x000000b4   Code   RO         5409    i.twi_tx_start_transfer  nrfx_twi.o
    0x0002dfc8   0x0002dfc8   0x000000a4   Code   RO         5410    i.twi_xfer          nrfx_twi.o
    0x0002e06c   0x0002e06c   0x00000020   Code   RO         4850    i.tx_byte           nrfx_uart.o
    0x0002e08c   0x0002e08c   0x0000001a   Code   RO         4851    i.tx_done_event     nrfx_uart.o
    0x0002e0a6   0x0002e0a6   0x0000001a   Code   RO         5035    i.tx_done_event     nrfx_uarte.o
    0x0002e0c0   0x0002e0c0   0x00000078   Code   RO           33    i.uart_event_handle  main.o
    0x0002e138   0x0002e138   0x000000a4   Code   RO         6514    i.uart_event_handler  app_uart_fifo.o
    0x0002e1dc   0x0002e1dc   0x00000030   Code   RO         4176    i.uart_evt_handler  nrf_drv_uart.o
    0x0002e20c   0x0002e20c   0x0000012a   Code   RO         4852    i.uart_irq_handler  nrfx_uart.o
    0x0002e336   0x0002e336   0x00000002   PAD
    0x0002e338   0x0002e338   0x00000030   Code   RO         4177    i.uarte_evt_handler  nrf_drv_uart.o
    0x0002e368   0x0002e368   0x00000112   Code   RO         5036    i.uarte_irq_handler  nrfx_uarte.o
    0x0002e47a   0x0002e47a   0x0000000a   Code   RO         3278    i.uint16_encode     ble_advdata.o
    0x0002e484   0x0002e484   0x000000b4   Code   RO         7220    i.unsigned_print    nrf_fprintf_format.o
    0x0002e538   0x0002e538   0x00000068   Code   RO         3485    i.update_timeout_handler  ble_conn_params.o
    0x0002e5a0   0x0002e5a0   0x00000018   Code   RO         3388    i.use_whitelist     ble_advertising.o
    0x0002e5b8   0x0002e5b8   0x00000024   Code   RO         3921    i.user_mem_reply    nrf_ble_qwr.o
    0x0002e5dc   0x0002e5dc   0x00000020   Code   RO         6046    i.usr_event         app_button.o
    0x0002e5fc   0x0002e5fc   0x00000030   Code   RO         3279    i.uuid_list_encode  ble_advdata.o
    0x0002e62c   0x0002e62c   0x0000009e   Code   RO         3280    i.uuid_list_sized_encode  ble_advdata.o
    0x0002e6ca   0x0002e6ca   0x0000003a   Code   RO         3021    i.wakeup_button_cfg  bsp.o
    0x0002e704   0x0002e704   0x0000000c   PAD
    0x0002e710   0x0002e710   0x00000054   Data   RO           35    .constdata          main.o
    0x0002e764   0x0002e764   0x00000010   Data   RO          619    .constdata          i2cdev.o
    0x0002e774   0x0002e774   0x0000000c   PAD
    0x0002e780   0x0002e780   0x00000028   Data   RO          823    .constdata          ads1299.o
    0x0002e7a8   0x0002e7a8   0x00000008   Data   RO         2918    .constdata          boards.o
    0x0002e7b0   0x0002e7b0   0x0000002c   Data   RO         3026    .constdata          bsp.o
    0x0002e7dc   0x0002e7dc   0x00000016   Data   RO         3827    .constdata          nrf_ble_gatt.o
    0x0002e7f2   0x0002e7f2   0x00000002   PAD
    0x0002e7f4   0x0002e7f4   0x00000010   Data   RO         3967    .constdata          ble_nus.o
    0x0002e804   0x0002e804   0x00000004   Data   RO         4544    .constdata          nrfx_gpiote.o
    0x0002e808   0x0002e808   0x00000004   Data   RO         4855    .constdata          nrfx_uart.o
    0x0002e80c   0x0002e80c   0x00000004   Data   RO         5039    .constdata          nrfx_uarte.o
    0x0002e810   0x0002e810   0x00000004   Data   RO         5221    .constdata          nrfx_spi.o
    0x0002e814   0x0002e814   0x0000000c   PAD
    0x0002e820   0x0002e820   0x00000006   Data   RO         5326    .constdata          nrf_drv_twi.o
    0x0002e826   0x0002e826   0x00000002   PAD
    0x0002e828   0x0002e828   0x00000018   Data   RO         5413    .constdata          nrfx_twi.o
    0x0002e840   0x0002e840   0x00000008   Data   RO         6049    .constdata          app_button.o
    0x0002e848   0x0002e848   0x00000014   Data   RO         6388    .constdata          app_timer2.o
    0x0002e85c   0x0002e85c   0x00000020   Data   RO         6516    .constdata          app_uart_fifo.o
    0x0002e87c   0x0002e87c   0x00000004   PAD
    0x0002e880   0x0002e880   0x00000006   Data   RO         6683    .constdata          drv_rtc.o
    0x0002e886   0x0002e886   0x00000010   Data   RO         7221    .constdata          nrf_fprintf_format.o
    0x0002e896   0x0002e896   0x00000002   PAD
    0x0002e898   0x0002e898   0x00000018   Data   RO         7341    .constdata          nrf_pwr_mgmt.o
    0x0002e8b0   0x0002e8b0   0x0000000c   Data   RO         7342    .constdata          nrf_pwr_mgmt.o
    0x0002e8bc   0x0002e8bc   0x0000013c   Data   RO         7567    .constdata          nrf_strerror.o
    0x0002e9f8   0x0002e9f8   0x0000000c   Data   RO         7642    .constdata          nrf_log_backend_rtt.o
    0x0002ea04   0x0002ea04   0x0000000c   PAD
    0x0002ea10   0x0002ea10   0x00000006   Data   RO         7643    .constdata          nrf_log_backend_rtt.o
    0x0002ea16   0x0002ea16   0x00000002   PAD
    0x0002ea18   0x0002ea18   0x0000000c   Data   RO         7802    .constdata          nrf_log_frontend.o
    0x0002ea24   0x0002ea24   0x00000010   Data   RO         8282    .constdata          nrf_sdh.o
    0x0002ea34   0x0002ea34   0x00000028   Data   RO         8283    .constdata          nrf_sdh.o
    0x0002ea5c   0x0002ea5c   0x00000010   Data   RO         8284    .constdata          nrf_sdh.o
    0x0002ea6c   0x0002ea6c   0x00000010   Data   RO         8285    .constdata          nrf_sdh.o
    0x0002ea7c   0x0002ea7c   0x00000020   Data   RO         8393    .constdata          nrf_sdh_ble.o
    0x0002ea9c   0x0002ea9c   0x00000010   Data   RO         8394    .constdata          nrf_sdh_ble.o
    0x0002eaac   0x0002eaac   0x00000010   Data   RO         8444    .constdata          nrf_sdh_soc.o
    0x0002eabc   0x0002eabc   0x0000000c   Data   RO         8445    .constdata          nrf_sdh_soc.o
    0x0002eac8   0x0002eac8   0x00000081   Data   RO         8528    .constdata          mc_w.l(ctype_o.o)
    0x0002eb49   0x0002eb49   0x00000003   PAD
    0x0002eb4c   0x0002eb4c   0x00000004   Data   RO         8529    .constdata          mc_w.l(ctype_o.o)
    0x0002eb50   0x0002eb50   0x000000a2   Data   RO         3828    .conststring        nrf_ble_gatt.o
    0x0002ebf2   0x0002ebf2   0x00000002   PAD
    0x0002ebf4   0x0002ebf4   0x000003eb   Data   RO         7568    .conststring        nrf_strerror.o
    0x0002efdf   0x0002efdf   0x00000001   PAD
    0x0002efe0   0x0002efe0   0x00000066   Data   RO         7963    .conststring        nrf_log_str_formatter.o
    0x0002f046   0x0002f046   0x00000002   PAD
    0x0002f048   0x0002f048   0x000001cf   Data   RO         8395    .conststring        nrf_sdh_ble.o
    0x0002f217   0x0002f217   0x00000001   PAD
    0x0002f218   0x0002f218   0x0000000d   Data   RO         3829    .conststrlit        nrf_ble_gatt.o
    0x0002f225   0x0002f225   0x00000003   PAD
    0x0002f228   0x0002f228   0x00000008   Data   RO         3968    .conststrlit        ble_nus.o
    0x0002f230   0x0002f230   0x00000006   Data   RO         4045    .conststrlit        nrf_drv_clock.o
    0x0002f236   0x0002f236   0x00000002   PAD
    0x0002f238   0x0002f238   0x00000006   Data   RO         4383    .conststrlit        nrfx_clock.o
    0x0002f23e   0x0002f23e   0x00000002   PAD
    0x0002f240   0x0002f240   0x00000007   Data   RO         4548    .conststrlit        nrfx_gpiote.o
    0x0002f247   0x0002f247   0x00000001   PAD
    0x0002f248   0x0002f248   0x00000004   Data   RO         4778    .conststrlit        nrfx_prs.o
    0x0002f24c   0x0002f24c   0x00000005   Data   RO         4858    .conststrlit        nrfx_uart.o
    0x0002f251   0x0002f251   0x00000003   PAD
    0x0002f254   0x0002f254   0x00000006   Data   RO         5042    .conststrlit        nrfx_uarte.o
    0x0002f25a   0x0002f25a   0x00000002   PAD
    0x0002f25c   0x0002f25c   0x00000004   Data   RO         5223    .conststrlit        nrfx_spi.o
    0x0002f260   0x0002f260   0x00000004   Data   RO         5416    .conststrlit        nrfx_twi.o
    0x0002f264   0x0002f264   0x00000006   Data   RO         5585    .conststrlit        nrfx_timer.o
    0x0002f26a   0x0002f26a   0x00000002   PAD
    0x0002f26c   0x0002f26c   0x00000006   Data   RO         5724    .conststrlit        nrfx_saadc.o
    0x0002f272   0x0002f272   0x00000002   PAD
    0x0002f274   0x0002f274   0x00000004   Data   RO         5876    .conststrlit        nrfx_ppi.o
    0x0002f278   0x0002f278   0x0000000b   Data   RO         6050    .conststrlit        app_button.o
    0x0002f283   0x0002f283   0x00000001   PAD
    0x0002f284   0x0002f284   0x0000000a   Data   RO         6389    .conststrlit        app_timer2.o
    0x0002f28e   0x0002f28e   0x00000002   PAD
    0x0002f290   0x0002f290   0x00000009   Data   RO         7343    .conststrlit        nrf_pwr_mgmt.o
    0x0002f299   0x0002f299   0x00000003   PAD
    0x0002f29c   0x0002f29c   0x00000009   Data   RO         7514    .conststrlit        nrf_sortlist.o
    0x0002f2a5   0x0002f2a5   0x00000003   PAD
    0x0002f2a8   0x0002f2a8   0x00000010   Data   RO         7737    .conststrlit        nrf_log_default_backends.o
    0x0002f2b8   0x0002f2b8   0x00000004   Data   RO         7803    .conststrlit        nrf_log_frontend.o
    0x0002f2bc   0x0002f2bc   0x00000008   Data   RO         8286    .conststrlit        nrf_sdh.o
    0x0002f2c4   0x0002f2c4   0x0000000c   Data   RO         8396    .conststrlit        nrf_sdh_ble.o
    0x0002f2d0   0x0002f2d0   0x0000000c   Data   RO         8446    .conststrlit        nrf_sdh_soc.o
    0x0002f2dc   0x0002f2dc   0x00000020   Data   RO         8884    Region$$Table       anon$$obj.o
    0x0002f2fc   0x0002f2fc   0x00000010   Data   RO         7739    log_backends        nrf_log_default_backends.o
    0x0002f30c   0x0002f30c   0x00000008   Data   RO         3830    log_const_data      nrf_ble_gatt.o
    0x0002f314   0x0002f314   0x00000008   Data   RO         3969    log_const_data      ble_nus.o
    0x0002f31c   0x0002f31c   0x00000008   Data   RO         4046    log_const_data      nrf_drv_clock.o
    0x0002f324   0x0002f324   0x00000008   Data   RO         4385    log_const_data      nrfx_clock.o
    0x0002f32c   0x0002f32c   0x00000008   Data   RO         4549    log_const_data      nrfx_gpiote.o
    0x0002f334   0x0002f334   0x00000008   Data   RO         4780    log_const_data      nrfx_prs.o
    0x0002f33c   0x0002f33c   0x00000008   Data   RO         4859    log_const_data      nrfx_uart.o
    0x0002f344   0x0002f344   0x00000008   Data   RO         5043    log_const_data      nrfx_uarte.o
    0x0002f34c   0x0002f34c   0x00000008   Data   RO         5224    log_const_data      nrfx_spi.o
    0x0002f354   0x0002f354   0x00000008   Data   RO         5417    log_const_data      nrfx_twi.o
    0x0002f35c   0x0002f35c   0x00000008   Data   RO         5586    log_const_data      nrfx_timer.o
    0x0002f364   0x0002f364   0x00000008   Data   RO         5725    log_const_data      nrfx_saadc.o
    0x0002f36c   0x0002f36c   0x00000008   Data   RO         5878    log_const_data      nrfx_ppi.o
    0x0002f374   0x0002f374   0x00000008   Data   RO         6052    log_const_data      app_button.o
    0x0002f37c   0x0002f37c   0x00000008   Data   RO         6392    log_const_data      app_timer2.o
    0x0002f384   0x0002f384   0x00000008   Data   RO         7345    log_const_data      nrf_pwr_mgmt.o
    0x0002f38c   0x0002f38c   0x00000008   Data   RO         7515    log_const_data      nrf_sortlist.o
    0x0002f394   0x0002f394   0x00000008   Data   RO         7806    log_const_data      nrf_log_frontend.o
    0x0002f39c   0x0002f39c   0x00000008   Data   RO         8288    log_const_data      nrf_sdh.o
    0x0002f3a4   0x0002f3a4   0x00000008   Data   RO         8398    log_const_data      nrf_sdh_ble.o
    0x0002f3ac   0x0002f3ac   0x00000008   Data   RO         8447    log_const_data      nrf_sdh_soc.o
    0x0002f3b4   0x0002f3b4   0x00000014   Data   RO         7807    nrf_balloc          nrf_log_frontend.o
    0x0002f3c8   0x0002f3c8   0x00000008   Data   RO         3583    sdh_ble_observers0  ble_conn_state.o
    0x0002f3d0   0x0002f3d0   0x00000010   Data   RO           55    sdh_ble_observers1  main.o
    0x0002f3e0   0x0002f3e0   0x00000008   Data   RO         3138    sdh_ble_observers1  bsp_btn_ble.o
    0x0002f3e8   0x0002f3e8   0x00000008   Data   RO         3488    sdh_ble_observers1  ble_conn_params.o
    0x0002f3f0   0x0002f3f0   0x00000010   Data   RO           56    sdh_ble_observers2  main.o
    0x0002f400   0x0002f400   0x00000008   Data   RO           57    sdh_ble_observers3  main.o
    0x0002f408   0x0002f408   0x00000008   Data   RO         4047    sdh_soc_observers0  nrf_drv_clock.o
    0x0002f410   0x0002f410   0x00000008   Data   RO         8399    sdh_stack_observers0  nrf_sdh_ble.o
    0x0002f418   0x0002f418   0x00000008   Data   RO         8448    sdh_stack_observers0  nrf_sdh_soc.o
    0x0002f420   0x0002f420   0x00000008   Data   RO         4048    sdh_state_observers0  nrf_drv_clock.o


    Execution Region RW_IRAM1 (Exec base: 0x20002be0, Load base: 0x0002f428, Size: 0x00003788, Max: 0x0000d420, ABSOLUTE, COMPRESSED[0x00000060])

    Exec Addr    Load Addr    Size         Type   Attr      Idx    E Section Name        Object

    0x20002be0   COMPRESSED   0x00000008   Data   RW           40    .data               main.o
    0x20002be8   COMPRESSED   0x00000054   Data   RW           41    .data               main.o
    0x20002c3c   COMPRESSED   0x00000004   Data   RW           44    .data               main.o
    0x20002c40   COMPRESSED   0x00000010   Data   RW          620    .data               i2cdev.o
    0x20002c50   COMPRESSED   0x0000000c   Data   RW          824    .data               ads1299.o
    0x20002c5c   COMPRESSED   0x00000010   Data   RW         3027    .data               bsp.o
    0x20002c6c   COMPRESSED   0x00000008   Data   RW         3137    .data               bsp_btn_ble.o
    0x20002c74   COMPRESSED   0x00000008   Data   RW         3487    .data               ble_conn_params.o
    0x20002c7c   COMPRESSED   0x0000000c   Data   RW         4178    .data               nrf_drv_uart.o
    0x20002c88   COMPRESSED   0x00000008   Data   RW         4384    .data               nrfx_clock.o
    0x20002c90   COMPRESSED   0x00000008   Data   RW         4779    .data               nrfx_prs.o
    0x20002c98   COMPRESSED   0x00000010   Data   RW         5327    .data               nrf_drv_twi.o
    0x20002ca8   COMPRESSED   0x00000008   Data   RW         5877    .data               nrfx_ppi.o
    0x20002cb0   COMPRESSED   0x00000001   Data   RW         6000    .data               nrf_drv_ppi.o
    0x20002cb1   COMPRESSED   0x00000007   PAD
    0x20002cb8   COMPRESSED   0x00000018   Data   RW         6051    .data               app_button.o
    0x20002cd0   COMPRESSED   0x00000020   Data   RW         6390    .data               app_timer2.o
    0x20002cf0   COMPRESSED   0x00000004   Data   RW         6391    .data               app_timer2.o
    0x20002cf4   COMPRESSED   0x0000001c   Data   RW         6517    .data               app_uart_fifo.o
    0x20002d10   COMPRESSED   0x0000000c   Data   RW         6684    .data               drv_rtc.o
    0x20002d1c   COMPRESSED   0x00000008   Data   RW         7344    .data               nrf_pwr_mgmt.o
    0x20002d24   COMPRESSED   0x00000004   Data   RW         7600    .data               retarget.o
    0x20002d28   COMPRESSED   0x00000001   Data   RW         7644    .data               nrf_log_backend_rtt.o
    0x20002d29   COMPRESSED   0x00000003   PAD
    0x20002d2c   COMPRESSED   0x00000008   Data   RW         7738    .data               nrf_log_default_backends.o
    0x20002d34   COMPRESSED   0x00000008   Data   RW         7804    .data               nrf_log_frontend.o
    0x20002d3c   COMPRESSED   0x00000008   Data   RW         7805    .data               nrf_log_frontend.o
    0x20002d44   COMPRESSED   0x00000040   Data   RW         7964    .data               nrf_log_str_formatter.o
    0x20002d84   COMPRESSED   0x00000003   Data   RW         8287    .data               nrf_sdh.o
    0x20002d87   COMPRESSED   0x00000001   Data   RW         8397    .data               nrf_sdh_ble.o
    0x20002d88   COMPRESSED   0x00000004   Data   RW         8487    .data               system_nrf52.o
    0x20002d8c   COMPRESSED   0x00000004   Data   RW         8566    .data               mc_w.l(strtok.o)
    0x20002d90   COMPRESSED   0x00000004   Data   RW         8857    .data               mc_w.l(errno.o)
    0x20002d94        -       0x00000930   Zero   RW           34    .bss                main.o
    0x200036c4        -       0x000000c4   Zero   RW          822    .bss                ads1299.o
    0x20003788        -       0x0000000f   Zero   RW         1599    .bss                mpu6050.o
    0x20003797   COMPRESSED   0x00000001   PAD
    0x20003798        -       0x00000020   Zero   RW         3022    .bss                bsp.o
    0x200037b8        -       0x00000020   Zero   RW         3023    .bss                bsp.o
    0x200037d8        -       0x0000000c   Zero   RW         3024    .bss                bsp.o
    0x200037e4   COMPRESSED   0x00000004   PAD
    0x200037e8        -       0x00000020   Zero   RW         3025    .bss                bsp.o
    0x20003808        -       0x00000050   Zero   RW         3486    .bss                ble_conn_params.o
    0x20003858        -       0x0000007c   Zero   RW         3582    .bss                ble_conn_state.o
    0x200038d4        -       0x00000014   Zero   RW         4040    .bss                nrf_drv_clock.o
    0x200038e8        -       0x0000005c   Zero   RW         4543    .bss                nrfx_gpiote.o
    0x20003944        -       0x0000002c   Zero   RW         4853    .bss                nrfx_uart.o
    0x20003970        -       0x00000024   Zero   RW         5037    .bss                nrfx_uarte.o
    0x20003994        -       0x00000018   Zero   RW         5177    .bss                nrf_drv_spi.o
    0x200039ac        -       0x0000002c   Zero   RW         5219    .bss                nrfx_spi.o
    0x200039d8        -       0x0000003c   Zero   RW         5411    .bss                nrfx_twi.o
    0x20003a14        -       0x0000000c   Zero   RW         5583    .bss                nrfx_timer.o
    0x20003a20        -       0x00000030   Zero   RW         5715    .bss                nrfx_saadc.o
    0x20003a50        -       0x00000020   Zero   RW         6047    .bss                app_button.o
    0x20003a70        -       0x00000010   Zero   RW         6048    .bss                app_button.o
    0x20003a80        -       0x00000010   Zero   RW         6386    .bss                app_timer2.o
    0x20003a90        -       0x00000058   Zero   RW         6387    .bss                app_timer2.o
    0x20003ae8        -       0x00000020   Zero   RW         6515    .bss                app_uart_fifo.o
    0x20003b08        -       0x0000000c   Zero   RW         6599    .bss                app_util_platform.o
    0x20003b14        -       0x0000000c   Zero   RW         7340    .bss                nrf_pwr_mgmt.o
    0x20003b20        -       0x00000040   Zero   RW         7641    .bss                nrf_log_backend_rtt.o
    0x20003b60        -       0x000000c0   Zero   RW         7798    .bss                nrf_log_frontend.o
    0x20003c20        -       0x00000080   Zero   RW         7799    .bss                nrf_log_frontend.o
    0x20003ca0        -       0x00000018   Zero   RW         7800    .bss                nrf_log_frontend.o
    0x20003cb8        -       0x00000424   Zero   RW         7801    .bss                nrf_log_frontend.o
    0x200040dc        -       0x00000288   Zero   RW         8040    .bss                segger_rtt.o
    0x20004364   COMPRESSED   0x00000004   PAD
    0x20004368        -       0x00002000   Zero   RW         8475    STACK               arm_startup_nrf52.o


==============================================================================

Image component sizes


      Code (inc. data)   RO Data    RW Data    ZI Data      Debug   Object Name

      1358        218         40         12        196      65715   ads1299.o
       664         66         27         24         48      17246   app_button.o
        22          0          0          0          0       2377   app_error.o
       132         46          0          0          0      38730   app_error_weak.o
       118          0          0          0          0       4762   app_fifo.o
       846         88         38         36        104      15953   app_timer2.o
       528         60         32         28         32      22498   app_uart_fifo.o
       124         14          0          0         12       9398   app_util_platform.o
        36          8        512          0       8192        904   arm_startup_nrf52.o
      1332          0          0          0          0      59904   ble_advdata.o
      1076          6          0          0          0      17479   ble_advertising.o
       636         44          8          8         80      12167   ble_conn_params.o
       390         10          8          0        124       7383   ble_conn_state.o
        72          0          0          0          0       2684   ble_link_ctx_manager.o
       666          6         32          0          0       8576   ble_nus.o
       456          6          0          0          0       3203   ble_srv_common.o
       358         40          8          0          0      13087   boards.o
       998         84         44         16        108      20835   bsp.o
       252         10          8          8          0      50496   bsp_btn_ble.o
       696         76          6         12          0      45061   drv_rtc.o
       358         24         16         16          0     100639   i2cdev.o
      2986        592        124         96       2352     242363   main.o
         0          0          0          0          0        592   max86150.o
       232         32          0          0         15       6118   mpu6050.o
       326          0          0          0          0       5675   nrf_atfifo.o
        64          0          0          0          0       2804   nrf_atflags.o
       306          0          0          0          0       7659   nrf_atomic.o
       164          0          0          0          0       3464   nrf_balloc.o
       950        272        205          0          0      37521   nrf_ble_gatt.o
       276          0          0          0          0       5945   nrf_ble_qwr.o
       276         34         30          0         20      41016   nrf_drv_clock.o
        24          6          0          1          0        899   nrf_drv_ppi.o
        96         14          0          0         24       6187   nrf_drv_spi.o
       328         16          6         16          0      24563   nrf_drv_twi.o
       200         26          0         12          0      17436   nrf_drv_uart.o
        50          0          0          0          0       3373   nrf_fprintf.o
       866          4         16          0          0       6366   nrf_fprintf_format.o
       112         18         18          1         64       5281   nrf_log_backend_rtt.o
       194          0          0          0          0      10677   nrf_log_backend_serial.o
        28          4         32          8          0       3217   nrf_log_default_backends.o
      1470        114         44         16       1404      28898   nrf_log_frontend.o
       570        108        102         64          0       5432   nrf_log_str_formatter.o
       346          0          0          0          0       9247   nrf_memobj.o
        40         12         53          8         12       5484   nrf_pwr_mgmt.o
        28          0          0          0          0       2235   nrf_ringbuf.o
       384         46        104          3          0      38779   nrf_sdh.o
       724        232        539          1          0       5693   nrf_sdh_ble.o
        60          4         56          0          0       2348   nrf_sdh_soc.o
        78          0          0          0          0       2624   nrf_section_iter.o
        84          0         17          0          0       3893   nrf_sortlist.o
        76         10       1319          0          0       2595   nrf_strerror.o
       222         30         14          8          0      42998   nrfx_clock.o
      1222         92         19          0         92      58643   nrfx_gpiote.o
       286         22         12          8          0      11457   nrfx_ppi.o
        94         16         12          8          0       3585   nrfx_prs.o
       912         74         14          0         48      17659   nrfx_saadc.o
       876         20         16          0         44      17147   nrfx_spi.o
       408         18         14          0         12      14040   nrfx_timer.o
      1610         54         36          0         60      27778   nrfx_twi.o
      1364         38         17          0         44      29361   nrfx_uart.o
      1286         36         18          0         36      24287   nrfx_uarte.o
        14          0          0          4          0       2762   retarget.o
       378         34          0          0        648       8681   segger_rtt.o
       796         70          0          4          0       2871   system_nrf52.o

    ----------------------------------------------------------------------
     32020       2854       3728        428      13780    1318750   Object Totals
         0          0         32          0          0          0   (incl. Generated)
        96          0         80         10          9          0   (incl. Padding)

    ----------------------------------------------------------------------

      Code (inc. data)   RO Data    RW Data    ZI Data      Debug   Library Member Name

        86          0          0          0          0          0   __dczerorl2.o
        28          0          0          0          0         68   _chval.o
       158          0          0          0          0         92   _strtoul.o
        26          0          0          0          0         80   atoi.o
         8          4        133          0          0         68   ctype_o.o
         0          0          0          0          0          0   entry.o
         0          0          0          0          0          0   entry10a.o
         0          0          0          0          0          0   entry11a.o
         4          0          0          0          0          0   entry12b.o
         8          4          0          0          0          0   entry2.o
         4          0          0          0          0          0   entry5.o
         0          0          0          0          0          0   entry7b.o
         0          0          0          0          0          0   entry8b.o
         8          4          0          0          0          0   entry9a.o
         8          4          0          4          0         68   errno.o
        30          0          0          0          0          0   handlers.o
        36          8          0          0          0         68   init.o
        30          0          0          0          0         68   llshl.o
        32          0          0          0          0         68   llushr.o
        36          0          0          0          0         68   memcpya.o
        36          0          0          0          0        108   memseta.o
      1192         60          0          0          0        504   printf8.o
        18          0          0          0          0         68   strcpy.o
        14          0          0          0          0         68   strlen.o
        68          6          0          4          0         80   strtok.o
       112          0          0          0          0         88   strtol.o
        98          0          0          0          0         92   uldiv.o

    ----------------------------------------------------------------------
      2044         90        136          8          0       1656   Library Totals
         4          0          3          0          0          0   (incl. Padding)

    ----------------------------------------------------------------------

      Code (inc. data)   RO Data    RW Data    ZI Data      Debug   Library Name

      2040         90        133          8          0       1656   mc_w.l

    ----------------------------------------------------------------------
      2044         90        136          8          0       1656   Library Totals

    ----------------------------------------------------------------------

==============================================================================


      Code (inc. data)   RO Data    RW Data    ZI Data      Debug   

     34064       2944       3864        436      13780    1278658   Grand Totals
     34064       2944       3864         96      13780    1278658   ELF Image Totals (compressed)
     34064       2944       3864         96          0          0   ROM Totals

==============================================================================

    Total RO  Size (Code + RO Data)                37928 (  37.04kB)
    Total RW  Size (RW Data + ZI Data)             14216 (  13.88kB)
    Total ROM Size (Code + RO Data + RW Data)      38024 (  37.13kB)

==============================================================================

