<html>
<body>
<pre>
<h1>µVision Build Log</h1>
<h2>Tool Versions:</h2>
IDE-Version: •ÏVision V5.36.0.0
Copyright (C) 2021 ARM Ltd and ARM Germany GmbH. All rights reserved.
License Information: neurotx 821040962275, neurotx, LIC=6XJT4-FFLSJ-06GQU-SBFB0-LD2AY-R1KV8
 
Tool Versions:
Toolchain:       MDK-ARM Professional  Version: 5.36.0.0
Toolchain Path:  C:\Keil_v5\ARM\ARMCC\Bin
C Compiler:      Armcc.exe V5.06 update 7 (build 960)
Assembler:       Armasm.exe V5.06 update 7 (build 960)
Linker/Locator:  ArmLink.exe V5.06 update 7 (build 960)
Library Manager: ArmAr.exe V5.06 update 7 (build 960)
Hex Converter:   FromElf.exe V5.06 update 7 (build 960)
CPU DLL:         
Dialog DLL:      
Target DLL:      Segger\JL2CM3.dll V2.99.40.0
Dialog DLL:      TCM.DLL V1.53.0.0
 
<h2>Project:</h2>
C:\Users\sol\Desktop\HW\nRF5_SDK_16.0.0_98a08e2\NeuroTX_STMV1.1\pca10040\s132\arm5_no_packs\ble_app_uart_pca10040_s132.uvprojx
Project File Date:  07/18/2022

<h2>Output:</h2>
*** Using Compiler 'V5.06 update 7 (build 960)', folder: 'C:\Keil_v5\ARM\ARMCC\Bin'
Rebuild target 'nrf52832_xxaa'
compiling utf.c...
compiling ble_srv_common.c...
compiling ble_link_ctx_manager.c...
compiling ble_advdata.c...
compiling nrf_ble_gatt.c...
compiling ble_advertising.c...
compiling ble_conn_state.c...
compiling boards.c...
compiling ble_conn_params.c...
compiling MAX86150.c...
..\..\..\MAX86150.c(279): warning:  #177-D: variable "originalContents"  was declared but never referenced
  	  uint8_t originalContents;
..\..\..\MAX86150.c(27): warning:  #177-D: variable "MAX86150_INTENABLE2"  was declared but never referenced
  static const uint8_t MAX86150_INTENABLE2 =		0x03;
..\..\..\MAX86150.c(46): warning:  #177-D: variable "MAX86150_LED_PILOT_PA"  was declared but never referenced
  static const uint8_t MAX86150_LED_PILOT_PA 	= 	0x15;
..\..\..\MAX86150.c(92): warning:  #177-D: variable "MAX86150_MODE_MASK"  was declared but never referenced
  static const uint8_t MAX86150_MODE_MASK = 		0xF8;
..\..\..\MAX86150.c(93): warning:  #177-D: variable "MAX86150_MODE_REDONLY"  was declared but never referenced
  static const uint8_t MAX86150_MODE_REDONLY = 	0x02;
..\..\..\MAX86150.c(94): warning:  #177-D: variable "MAX86150_MODE_REDIRONLY"  was declared but never referenced
  static const uint8_t MAX86150_MODE_REDIRONLY = 	0x03;
..\..\..\MAX86150.c(95): warning:  #177-D: variable "MAX86150_MODE_MULTILED"  was declared but never referenced
  static const uint8_t MAX86150_MODE_MULTILED = 	0x07;
..\..\..\MAX86150.c(97): warning:  #177-D: variable "MAX86150_ADCRANGE_MASK"  was declared but never referenced
  static const uint8_t MAX86150_ADCRANGE_MASK = 	0x9F;
..\..\..\MAX86150.c(98): warning:  #177-D: variable "MAX86150_ADCRANGE_2048"  was declared but never referenced
  static const uint8_t MAX86150_ADCRANGE_2048 = 	0x00;
..\..\..\MAX86150.c(99): warning:  #177-D: variable "MAX86150_ADCRANGE_4096"  was declared but never referenced
  static const uint8_t MAX86150_ADCRANGE_4096 = 	0x20;
..\..\..\MAX86150.c(100): warning:  #177-D: variable "MAX86150_ADCRANGE_8192"  was declared but never referenced
  static const uint8_t MAX86150_ADCRANGE_8192 = 	0x40;
..\..\..\MAX86150.c(101): warning:  #177-D: variable "MAX86150_ADCRANGE_16384"  was declared but never referenced
  static const uint8_t MAX86150_ADCRANGE_16384 = 	0x60;
..\..\..\MAX86150.c(103): warning:  #177-D: variable "MAX86150_SAMPLERATE_MASK"  was declared but never referenced
  static const uint8_t MAX86150_SAMPLERATE_MASK = 0xE3;
..\..\..\MAX86150.c(104): warning:  #177-D: variable "MAX86150_SAMPLERATE_50"  was declared but never referenced
  static const uint8_t MAX86150_SAMPLERATE_50 = 	0x00;
..\..\..\MAX86150.c(105): warning:  #177-D: variable "MAX86150_SAMPLERATE_100"  was declared but never referenced
  static const uint8_t MAX86150_SAMPLERATE_100 = 	0x04;
..\..\..\MAX86150.c(106): warning:  #177-D: variable "MAX86150_SAMPLERATE_200"  was declared but never referenced
  static const uint8_t MAX86150_SAMPLERATE_200 = 	0x08;
..\..\..\MAX86150.c(107): warning:  #177-D: variable "MAX86150_SAMPLERATE_400"  was declared but never referenced
  static const uint8_t MAX86150_SAMPLERATE_400 = 	0x0C;
..\..\..\MAX86150.c(108): warning:  #177-D: variable "MAX86150_SAMPLERATE_800"  was declared but never referenced
  static const uint8_t MAX86150_SAMPLERATE_800 = 	0x10;
..\..\..\MAX86150.c(109): warning:  #177-D: variable "MAX86150_SAMPLERATE_1000"  was declared but never referenced
  static const uint8_t MAX86150_SAMPLERATE_1000 = 0x14;
..\..\..\MAX86150.c(110): warning:  #177-D: variable "MAX86150_SAMPLERATE_1600"  was declared but never referenced
  static const uint8_t MAX86150_SAMPLERATE_1600 = 0x18;
..\..\..\MAX86150.c(111): warning:  #177-D: variable "MAX86150_SAMPLERATE_3200"  was declared but never referenced
  static const uint8_t MAX86150_SAMPLERATE_3200 = 0x1C;
..\..\..\MAX86150.c(113): warning:  #177-D: variable "MAX86150_PULSEWIDTH_MASK"  was declared but never referenced
  static const uint8_t MAX86150_PULSEWIDTH_MASK = 0xFC;
..\..\..\MAX86150.c(114): warning:  #177-D: variable "MAX86150_PULSEWIDTH_69"  was declared but never referenced
  static const uint8_t MAX86150_PULSEWIDTH_69 = 	0x00;
..\..\..\MAX86150.c(115): warning:  #177-D: variable "MAX86150_PULSEWIDTH_118"  was declared but never referenced
  static const uint8_t MAX86150_PULSEWIDTH_118 = 	0x01;
..\..\..\MAX86150.c(116): warning:  #177-D: variable "MAX86150_PULSEWIDTH_215"  was declared but never referenced
  static const uint8_t MAX86150_PULSEWIDTH_215 = 	0x02;
..\..\..\MAX86150.c(117): warning:  #177-D: variable "MAX86150_PULSEWIDTH_411"  was declared but never referenced
  static const uint8_t MAX86150_PULSEWIDTH_411 = 	0x03;
..\..\..\MAX86150.c(124): warning:  #177-D: variable "SLOT_NONE"  was declared but never referenced
  static const uint8_t SLOT_NONE 				= 			0x00;
..\..\..\MAX86150.c(125): warning:  #177-D: variable "SLOT_RED_LED"  was declared but never referenced
  static const uint8_t SLOT_RED_LED 		= 			0x01;
..\..\..\MAX86150.c(126): warning:  #177-D: variable "SLOT_IR_LED"  was declared but never referenced
  static const uint8_t SLOT_IR_LED 			= 			0x02;
..\..\..\MAX86150.c(127): warning:  #177-D: variable "SLOT_RED_PILOT"  was declared but never referenced
  static const uint8_t SLOT_RED_PILOT 	=				0x09;
..\..\..\MAX86150.c(128): warning:  #177-D: variable "SLOT_IR_PILOT"  was declared but never referenced
  static const uint8_t SLOT_IR_PILOT 		= 			0x0A;
..\..\..\MAX86150.c(129): warning:  #177-D: variable "SLOT_ECG"  was declared but never referenced
  static const uint8_t SLOT_ECG					= 			0x0D;
..\..\..\MAX86150.c: 32 warnings, 0 errors
compiling bsp.c...
compiling I2Cdev.c...
compiling bsp_btn_ble.c...
compiling ads1299.c...
..\..\..\ads1299.c(484): warning:  #177-D: variable "ch_off"  was declared but never referenced
    uint8_t ch_off;
..\..\..\ads1299.c(683): warning:  #550-D: variable "err_code"  was set but never used
    uint8_t err_code;
..\..\..\ads1299.c(718): warning:  #550-D: variable "err_code"  was set but never used
    uint8_t err_code;
..\..\..\ads1299.c(764): warning:  #550-D: variable "err_code"  was set but never used
    uint8_t err_code;
..\..\..\ads1299.c(786): warning:  #550-D: variable "err_code"  was set but never used
    uint8_t err_code;
..\..\..\ads1299.c: 5 warnings, 0 errors
compiling MPU6050.c...
compiling nrf_ble_qwr.c...
compiling ble_nus.c...
compiling nrfx_atomic.c...
compiling nrfx_prs.c...
compiling nrf_drv_uart.c...
compiling main.c...
..\..\..\main.c(710): warning:  #68-D: integer conversion resulted in a change of sign
      receiveData[0] = -1;
..\..\..\main.c(712): warning:  #68-D: integer conversion resulted in a change of sign
      receiveData[1] = -1;
..\..\..\main.c(2488): warning:  #177-D: variable "ax_f"  was declared but never referenced
      float ax_f, ay_f, az_f ;
..\..\..\main.c(2488): warning:  #177-D: variable "ay_f"  was declared but never referenced
      float ax_f, ay_f, az_f ;
..\..\..\main.c(2488): warning:  #177-D: variable "az_f"  was declared but never referenced
      float ax_f, ay_f, az_f ;
..\..\..\main.c(2673): warning:  #177-D: variable "int_status"  was declared but never referenced
      uint8_t int_status;
..\..\..\main.c(2675): warning:  #177-D: variable "data_ready"  was declared but never referenced
      bool data_ready;
..\..\..\main.c(2677): warning:  #177-D: variable "max_int_pin"  was declared but never referenced
      uint8_t  max_int_pin, icm_int_pin;
..\..\..\main.c(2677): warning:  #177-D: variable "icm_int_pin"  was declared but never referenced
      uint8_t  max_int_pin, icm_int_pin;
..\..\..\main.c(2734): warning:  #1-D: last line of file ends without a newline
  */
..\..\..\main.c(358): warning:  #177-D: variable "connect_fg"  was declared but never referenced
  static uint8_t connect_fg = 0;
..\..\..\main.c(360): warning:  #177-D: variable "disconnect_fg"  was declared but never referenced
  static uint8_t disconnect_fg = 0;
..\..\..\main.c(530): warning:  #550-D: variable "low_battery_flag"  was set but never used
  static uint8_t low_battery_flag = 0;  //low battery ªÛ≈¬ flag
..\..\..\main.c(2016): warning:  #177-D: function "idle_state_handle"  was declared but never referenced
  static void idle_state_handle(void)
..\..\..\main.c: 14 warnings, 0 errors
compiling nrfx_clock.c...
compiling nrf_drv_clock.c...
compiling nrfx_spim.c...
compiling nrf_drv_spi.c...
compiling nrfx_gpiote.c...
compiling nrfx_uarte.c...
compiling nrf_drv_twi.c...
compiling nrfx_spi.c...
compiling nrfx_uart.c...
compiling app_error.c...
compiling nrfx_twi.c...
compiling app_util_platform.c...
compiling app_fifo.c...
compiling app_error_handler_keil.c...
compiling nrfx_twim.c...
compiling app_scheduler.c...
compiling app_error_weak.c...
compiling nrf_drv_ppi.c...
compiling nrfx_timer.c...
compiling nrfx_ppi.c...
compiling nrfx_saadc.c...
compiling app_button.c...
compiling nrf_assert.c...
compiling app_uart_fifo.c...
compiling app_timer2.c...
compiling hardfault_implementation.c...
compiling nrf_atflags.c...
compiling nrf_atomic.c...
compiling nrf_atfifo.c...
compiling nrf_fprintf.c...
compiling nrf_fprintf_format.c...
compiling nrf_balloc.c...
compiling drv_rtc.c...
compiling nrf_memobj.c...
compiling nrf_strerror.c...
compiling nrf_ringbuf.c...
compiling nrf_section_iter.c...
compiling retarget.c...
compiling SEGGER_RTT_Syscalls_KEIL.c...
compiling nrf_sortlist.c...
assembling arm_startup_nrf52.s...
compiling nrf_log_backend_serial.c...
compiling nrf_pwr_mgmt.c...
compiling nrf_log_default_backends.c...
compiling system_nrf52.c...
compiling nrf_log_backend_rtt.c...
compiling SEGGER_RTT.c...
compiling nrf_log_str_formatter.c...
compiling SEGGER_RTT_printf.c...
compiling nrf_log_frontend.c...
compiling nrf_sdh_soc.c...
compiling nrf_sdh.c...
compiling nrf_sdh_ble.c...
linking...
Program Size: Code=34064 RO-data=3864 RW-data=436 ZI-data=13780  
FromELF: creating hex file...
".\_build\nrf52832_xxaa.axf" - 0 Error(s), 51 Warning(s).

<h2>Software Packages used:</h2>

Package Vendor: ARM
                http://www.keil.com/pack/ARM.CMSIS.4.5.0.pack
                ARM.CMSIS.4.5.0
                CMSIS (Cortex Microcontroller Software Interface Standard)
   * Component: CORE Version: 4.3.0

Package Vendor: NordicSemiconductor
                http://developer.nordicsemi.com/nRF5_SDK/pieces/nRF_DeviceFamilyPack/NordicSemiconductor.nRF_DeviceFamilyPack_NordicLicense.8.27.0.pack
                NordicSemiconductor.nRF_DeviceFamilyPack_NordicLicense.8.27.0
                Nordic Semiconductor nRF ARM devices Device Family Pack with Nordic license.
   * Component: Startup Version: 8.27.0

<h2>Collection of Component include folders:</h2>
  .\RTE\_nrf52832_xxaa
  C:\Keil_v5\ARM\PACK\ARM\CMSIS\4.5.0\CMSIS\Include
  C:\Keil_v5\ARM\PACK\NordicSemiconductor\nRF_DeviceFamilyPack_NordicLicense\8.27.0\Device\Include

<h2>Collection of Component Files used:</h2>

   * Component: ARM::CMSIS:CORE:4.3.0

   * Component: NordicSemiconductor::Device:Startup:8.27.0
      Source file:   Device\Source\arm\arm_startup_nrf52.s
      Include file:  Device\Include\system_nrf.h
      Source file:   Device\Source\system_nrf52.c
      Include file:  Device\Include\system_nrf52.h
Build Time Elapsed:  00:00:30
</pre>
</body>
</html>
